{
    "-profile test": {
        "content": [
            {
                "BWAMEM3_INDEX": {
                    "bwamem3": "0.3.0"
                },
                "BWAMEM3_MEM": {
                    "bwamem3": "0.3.0",
                    "samtools": "1.23.1"
                },
                "FASTP": {
                    "fastp": "1.3.6"
                },
                "FASTQC_RAW": {
                    "fastqc": "0.12.1"
                },
                "FASTQC_TRIMMED": {
                    "fastqc": "0.12.1"
                },
                "Workflow": {
                    "NBISweden/biovat": "v0.0.1dev"
                }
            },
            [
                "bwamem3",
                "bwamem3/S03.1.BH252YCCXY.7.bam",
                "bwamem3/S03.1.BH252YCCXY.7.bam.csi",
                "bwamem3/bwamem3",
                "bwamem3/bwamem3/sumatran_rhino.fasta.0123",
                "bwamem3/bwamem3/sumatran_rhino.fasta.amb",
                "bwamem3/bwamem3/sumatran_rhino.fasta.ann",
                "bwamem3/bwamem3/sumatran_rhino.fasta.bwt.2bit.64",
                "bwamem3/bwamem3/sumatran_rhino.fasta.pac",
                "fastp",
                "fastp/S03.1.BH252YCCXY.7.fastp.html",
                "fastp/S03.1.BH252YCCXY.7.fastp.json",
                "fastp/S03.1.BH252YCCXY.7.fastp.log",
                "fastp/S03.1.BH252YCCXY.7_R1.fastp.fastq.gz",
                "fastp/S03.1.BH252YCCXY.7_R2.fastp.fastq.gz",
                "fastqc",
                "fastqc/S03.1.BH252YCCXY.7_raw_1_fastqc.html",
                "fastqc/S03.1.BH252YCCXY.7_raw_1_fastqc.zip",
                "fastqc/S03.1.BH252YCCXY.7_raw_2_fastqc.html",
                "fastqc/S03.1.BH252YCCXY.7_raw_2_fastqc.zip",
                "fastqc/S03.1.BH252YCCXY.7_trimmed_1_fastqc.html",
                "fastqc/S03.1.BH252YCCXY.7_trimmed_1_fastqc.zip",
                "fastqc/S03.1.BH252YCCXY.7_trimmed_2_fastqc.html",
                "fastqc/S03.1.BH252YCCXY.7_trimmed_2_fastqc.zip",
                "multiqc",
                "multiqc/multiqc_data",
                "multiqc/multiqc_data/fastp-insert-size-plot.txt",
                "multiqc/multiqc_data/fastp-seq-content-gc-plot_Read_1_After_filtering.txt",
                "multiqc/multiqc_data/fastp-seq-content-gc-plot_Read_1_Before_filtering.txt",
                "multiqc/multiqc_data/fastp-seq-content-gc-plot_Read_2_After_filtering.txt",
                "multiqc/multiqc_data/fastp-seq-content-gc-plot_Read_2_Before_filtering.txt",
                "multiqc/multiqc_data/fastp-seq-content-n-plot_Read_1_After_filtering.txt",
                "multiqc/multiqc_data/fastp-seq-content-n-plot_Read_1_Before_filtering.txt",
                "multiqc/multiqc_data/fastp-seq-content-n-plot_Read_2_After_filtering.txt",
                "multiqc/multiqc_data/fastp-seq-content-n-plot_Read_2_Before_filtering.txt",
                "multiqc/multiqc_data/fastp-seq-quality-plot_Read_1_After_filtering.txt",
                "multiqc/multiqc_data/fastp-seq-quality-plot_Read_1_Before_filtering.txt",
                "multiqc/multiqc_data/fastp-seq-quality-plot_Read_2_After_filtering.txt",
                "multiqc/multiqc_data/fastp-seq-quality-plot_Read_2_Before_filtering.txt",
                "multiqc/multiqc_data/fastp_filtered_reads_plot.txt",
                "multiqc/multiqc_data/fastqc_raw-status-check-heatmap.txt",
                "multiqc/multiqc_data/fastqc_raw_adapter_content_plot.txt",
                "multiqc/multiqc_data/fastqc_raw_per_base_n_content_plot.txt",
                "multiqc/multiqc_data/fastqc_raw_per_base_sequence_quality_plot.txt",
                "multiqc/multiqc_data/fastqc_raw_per_sequence_gc_content_plot_Counts.txt",
                "multiqc/multiqc_data/fastqc_raw_per_sequence_gc_content_plot_Percentages.txt",
                "multiqc/multiqc_data/fastqc_raw_per_sequence_quality_scores_plot.txt",
                "multiqc/multiqc_data/fastqc_raw_sequence_counts_plot.txt",
                "multiqc/multiqc_data/fastqc_raw_sequence_duplication_levels_plot.txt",
                "multiqc/multiqc_data/fastqc_sequence_length_distribution_plot.txt",
                "multiqc/multiqc_data/fastqc_trimmed-status-check-heatmap.txt",
                "multiqc/multiqc_data/fastqc_trimmed_adapter_content_plot.txt",
                "multiqc/multiqc_data/fastqc_trimmed_per_base_n_content_plot.txt",
                "multiqc/multiqc_data/fastqc_trimmed_per_base_sequence_quality_plot.txt",
                "multiqc/multiqc_data/fastqc_trimmed_per_sequence_gc_content_plot_Counts.txt",
                "multiqc/multiqc_data/fastqc_trimmed_per_sequence_gc_content_plot_Percentages.txt",
                "multiqc/multiqc_data/fastqc_trimmed_per_sequence_quality_scores_plot.txt",
                "multiqc/multiqc_data/fastqc_trimmed_sequence_counts_plot.txt",
                "multiqc/multiqc_data/fastqc_trimmed_sequence_duplication_levels_plot.txt",
                "multiqc/multiqc_data/llms-full.txt",
                "multiqc/multiqc_data/multiqc.log",
                "multiqc/multiqc_data/multiqc.parquet",
                "multiqc/multiqc_data/multiqc_citations.txt",
                "multiqc/multiqc_data/multiqc_data.json",
                "multiqc/multiqc_data/multiqc_fastp.txt",
                "multiqc/multiqc_data/multiqc_fastqc_fastqc_raw.txt",
                "multiqc/multiqc_data/multiqc_fastqc_fastqc_trimmed.txt",
                "multiqc/multiqc_data/multiqc_general_stats.txt",
                "multiqc/multiqc_data/multiqc_software_versions.txt",
                "multiqc/multiqc_data/multiqc_sources.txt",
                "multiqc/multiqc_report.html",
                "pipeline_info",
                "pipeline_info/biovat_software_mqc_versions.yml"
            ],
            [
                "sumatran_rhino.fasta.0123:md5,08588c41e10e61bf077f6f71129534e1",
                "sumatran_rhino.fasta.amb:md5,0d4fa7bb04e6887eb836922b3be86ace",
                "sumatran_rhino.fasta.ann:md5,ee16bda30a0b3eb04ab9c584cf6203f1",
                "sumatran_rhino.fasta.bwt.2bit.64:md5,0cf271f0ff7a27514c6506fd11179899",
                "sumatran_rhino.fasta.pac:md5,6251d0fd47b64e1f66f8026cc103e2a8",
                "S03.1.BH252YCCXY.7.fastp.json:md5,12729a40bf43fc850023ebf6e04e5c7a",
                "S03.1.BH252YCCXY.7_R1.fastp.fastq.gz:md5,08a9a2f380958cc219e1ad81ed0357c8",
                "S03.1.BH252YCCXY.7_R2.fastp.fastq.gz:md5,0fb5d0e9b938df4bbe6cae932d099030",
                "fastp-insert-size-plot.txt:md5,e88389a65806fb66b42955888fc31669",
                "fastp-seq-content-gc-plot_Read_1_After_filtering.txt:md5,ae6a655d1bd6d7b6a8c85337e25d84a6",
                "fastp-seq-content-gc-plot_Read_1_Before_filtering.txt:md5,ab7be6e9987a789c4274ea057864d33c",
                "fastp-seq-content-gc-plot_Read_2_After_filtering.txt:md5,8c944033ea3c2201d8c15971014c9fab",
                "fastp-seq-content-gc-plot_Read_2_Before_filtering.txt:md5,7a19574fa7493e135e4e6db2bd32929e",
                "fastp-seq-content-n-plot_Read_1_After_filtering.txt:md5,350f16c11dd33859ca1bf7197fa2d39f",
                "fastp-seq-content-n-plot_Read_1_Before_filtering.txt:md5,52fb4c860bbe9b2fab53a06acd175eb0",
                "fastp-seq-content-n-plot_Read_2_After_filtering.txt:md5,d6bd9e04466ac1e3340724cda9e74d91",
                "fastp-seq-content-n-plot_Read_2_Before_filtering.txt:md5,403aa740ee34cf1cc6234ed3db15b01c",
                "fastp-seq-quality-plot_Read_1_After_filtering.txt:md5,1774a6e09db506970eaf27fdbd42e816",
                "fastp-seq-quality-plot_Read_1_Before_filtering.txt:md5,6727de0315068d0a87a559c32564d3a9",
                "fastp-seq-quality-plot_Read_2_After_filtering.txt:md5,b4c76a1ac106bf395d43ededd6db252a",
                "fastp-seq-quality-plot_Read_2_Before_filtering.txt:md5,109d79d78b210fb6502513baca2cc86e",
                "fastp_filtered_reads_plot.txt:md5,85aac3d3cde6d8b28de8f46bae26a632",
                "fastqc_raw-status-check-heatmap.txt:md5,c371defa36b8500bf69f0b47ab600075",
                "fastqc_raw_adapter_content_plot.txt:md5,0de763b255b52d662a53621da796d624",
                "fastqc_raw_per_base_n_content_plot.txt:md5,8aef98d030c467d658d82fb8faeb4f2a",
                "fastqc_raw_per_base_sequence_quality_plot.txt:md5,a07ef01526422869872b09103c7ba746",
                "fastqc_raw_per_sequence_gc_content_plot_Counts.txt:md5,a00e8efd930f0783d0cee8a8aa02357c",
                "fastqc_raw_per_sequence_gc_content_plot_Percentages.txt:md5,8aa012693981a0788311eb89dc8762a8",
                "fastqc_raw_per_sequence_quality_scores_plot.txt:md5,4861c9b86bb8f7a9ad4364782668a477",
                "fastqc_raw_sequence_counts_plot.txt:md5,a96f20b71de9eed2abb0d526a2a099a4",
                "fastqc_raw_sequence_duplication_levels_plot.txt:md5,afc55ee1dc6ecd4565fa24c2fff9dc6a",
                "fastqc_sequence_length_distribution_plot.txt:md5,5b7c008f9f7115ed402e8fcf525ea1fe",
                "fastqc_trimmed-status-check-heatmap.txt:md5,eb4c2b9a568e433f756f9e08e8fbb5d2",
                "fastqc_trimmed_adapter_content_plot.txt:md5,62193fd1da8ba6f4e958032d66eeb823",
                "fastqc_trimmed_per_base_n_content_plot.txt:md5,000ea1491661dc3c1a470759757cabc0",
                "fastqc_trimmed_per_base_sequence_quality_plot.txt:md5,cbe5915c161913ba45a1550d30322172",
                "fastqc_trimmed_per_sequence_gc_content_plot_Counts.txt:md5,6041b106cfdbc270ec67b585b232c263",
                "fastqc_trimmed_per_sequence_gc_content_plot_Percentages.txt:md5,a3f2d3753dfc6129aa88dd84a766ba5e",
                "fastqc_trimmed_per_sequence_quality_scores_plot.txt:md5,51500202180d92d2f9a73e199897b6c9",
                "fastqc_trimmed_sequence_counts_plot.txt:md5,a8694f2cd57a6a01e9d241ee803e3de4",
                "fastqc_trimmed_sequence_duplication_levels_plot.txt:md5,9478059042b111f0f8f87b55dd766360",
                "multiqc_citations.txt:md5,d35df50e9903a96a2b3bce3c1fbc8ad2",
                "multiqc_fastp.txt:md5,d24a2214732caabbd17d168ac99ef470",
                "multiqc_fastqc_fastqc_raw.txt:md5,792676a164772791670a83717d90c963",
                "multiqc_fastqc_fastqc_trimmed.txt:md5,4d8b3addb111e3c8261c82184e6bc596",
                "multiqc_general_stats.txt:md5,dc1fbed56a008676b53cb637894ab853"
            ]
        ],
        "timestamp": "2026-08-18T16:34:55.427485",
        "meta": {
            "nf-test": "0.9.5",
            "nextflow": "26.04.6"
        }
    }
}