{
    "-profile test": {
        "content": [
            {
                "BWAMEM3_INDEX": {
                    "bwamem3": "0.8.0"
                },
                "BWAMEM3_MEM": {
                    "bwamem3": "0.8.0",
                    "samtools": 1.24
                },
                "FASTP": {
                    "fastp": "1.3.6"
                },
                "FASTQC": {
                    "fastqc": "0.12.1"
                },
                "RIKER_MULTI": {
                    "riker": "0.4.0"
                },
                "SAMTOOLS_FAIDX": {
                    "samtools": 1.24
                },
                "SAMTOOLS_FLAGSTAT": {
                    "samtools": 1.24
                },
                "Workflow": {
                    "NBISweden/biovat": "v0.0.1dev"
                }
            },
            [
                "01_input_checks",
                "01_input_checks/reads",
                "01_input_checks/reads/fastqc",
                "01_input_checks/reads/fastqc/S03.1.BH252YCCXY.7_1_fastqc.html",
                "01_input_checks/reads/fastqc/S03.1.BH252YCCXY.7_1_fastqc.zip",
                "01_input_checks/reads/fastqc/S03.1.BH252YCCXY.7_2_fastqc.html",
                "01_input_checks/reads/fastqc/S03.1.BH252YCCXY.7_2_fastqc.zip",
                "02_read_trimming",
                "02_read_trimming/S03.1.BH252YCCXY.7.fastp.html",
                "02_read_trimming/S03.1.BH252YCCXY.7.fastp.json",
                "02_read_trimming/S03.1.BH252YCCXY.7.fastp.log",
                "02_read_trimming/S03.1.BH252YCCXY.7_R1.fastp.fastq.gz",
                "02_read_trimming/S03.1.BH252YCCXY.7_R2.fastp.fastq.gz",
                "03_read_alignment",
                "03_read_alignment/S03.1.BH252YCCXY.7.bam",
                "03_read_alignment/S03.1.BH252YCCXY.7.bam.csi",
                "03_read_alignment/qc",
                "03_read_alignment/qc/riker",
                "03_read_alignment/qc/riker/library_S03.1.BH252YCCXY.7.alignment-metrics.txt",
                "03_read_alignment/qc/riker/library_S03.1.BH252YCCXY.7.base-distribution-by-cycle.pdf",
                "03_read_alignment/qc/riker/library_S03.1.BH252YCCXY.7.base-distribution-by-cycle.txt",
                "03_read_alignment/qc/riker/library_S03.1.BH252YCCXY.7.gcbias-chart.pdf",
                "03_read_alignment/qc/riker/library_S03.1.BH252YCCXY.7.gcbias-detail.txt",
                "03_read_alignment/qc/riker/library_S03.1.BH252YCCXY.7.gcbias-summary.txt",
                "03_read_alignment/qc/riker/library_S03.1.BH252YCCXY.7.isize-histogram.pdf",
                "03_read_alignment/qc/riker/library_S03.1.BH252YCCXY.7.isize-histogram.txt",
                "03_read_alignment/qc/riker/library_S03.1.BH252YCCXY.7.isize-metrics.txt",
                "03_read_alignment/qc/riker/library_S03.1.BH252YCCXY.7.mean-quality-by-cycle.pdf",
                "03_read_alignment/qc/riker/library_S03.1.BH252YCCXY.7.mean-quality-by-cycle.txt",
                "03_read_alignment/qc/riker/library_S03.1.BH252YCCXY.7.quality-score-distribution.pdf",
                "03_read_alignment/qc/riker/library_S03.1.BH252YCCXY.7.quality-score-distribution.txt",
                "03_read_alignment/qc/riker/library_S03.1.BH252YCCXY.7.wgs-coverage.pdf",
                "03_read_alignment/qc/riker/library_S03.1.BH252YCCXY.7.wgs-coverage.txt",
                "03_read_alignment/qc/riker/library_S03.1.BH252YCCXY.7.wgs-metrics.txt",
                "03_read_alignment/qc/samtools_flagstat",
                "03_read_alignment/qc/samtools_flagstat/library_S03.1.BH252YCCXY.7.flagstat",
                "04_merged_samples",
                "04_merged_samples/S03.bam",
                "04_merged_samples/S03.bam.csi",
                "04_merged_samples/qc",
                "04_merged_samples/qc/riker",
                "04_merged_samples/qc/riker/sample_S03.alignment-metrics.txt",
                "04_merged_samples/qc/riker/sample_S03.base-distribution-by-cycle.pdf",
                "04_merged_samples/qc/riker/sample_S03.base-distribution-by-cycle.txt",
                "04_merged_samples/qc/riker/sample_S03.gcbias-chart.pdf",
                "04_merged_samples/qc/riker/sample_S03.gcbias-detail.txt",
                "04_merged_samples/qc/riker/sample_S03.gcbias-summary.txt",
                "04_merged_samples/qc/riker/sample_S03.isize-histogram.pdf",
                "04_merged_samples/qc/riker/sample_S03.isize-histogram.txt",
                "04_merged_samples/qc/riker/sample_S03.isize-metrics.txt",
                "04_merged_samples/qc/riker/sample_S03.mean-quality-by-cycle.pdf",
                "04_merged_samples/qc/riker/sample_S03.mean-quality-by-cycle.txt",
                "04_merged_samples/qc/riker/sample_S03.quality-score-distribution.pdf",
                "04_merged_samples/qc/riker/sample_S03.quality-score-distribution.txt",
                "04_merged_samples/qc/riker/sample_S03.wgs-coverage.pdf",
                "04_merged_samples/qc/riker/sample_S03.wgs-coverage.txt",
                "04_merged_samples/qc/riker/sample_S03.wgs-metrics.txt",
                "04_merged_samples/qc/samtools_flagstat",
                "04_merged_samples/qc/samtools_flagstat/sample_S03.flagstat",
                "multiqc",
                "multiqc/multiqc_data",
                "multiqc/multiqc_data/fastp-insert-size-plot.txt",
                "multiqc/multiqc_data/fastp-seq-content-gc-plot_Read_1_After_filtering.txt",
                "multiqc/multiqc_data/fastp-seq-content-gc-plot_Read_1_Before_filtering.txt",
                "multiqc/multiqc_data/fastp-seq-content-gc-plot_Read_2_After_filtering.txt",
                "multiqc/multiqc_data/fastp-seq-content-gc-plot_Read_2_Before_filtering.txt",
                "multiqc/multiqc_data/fastp-seq-content-n-plot_Read_1_After_filtering.txt",
                "multiqc/multiqc_data/fastp-seq-content-n-plot_Read_1_Before_filtering.txt",
                "multiqc/multiqc_data/fastp-seq-content-n-plot_Read_2_After_filtering.txt",
                "multiqc/multiqc_data/fastp-seq-content-n-plot_Read_2_Before_filtering.txt",
                "multiqc/multiqc_data/fastp-seq-quality-plot_Read_1_After_filtering.txt",
                "multiqc/multiqc_data/fastp-seq-quality-plot_Read_1_Before_filtering.txt",
                "multiqc/multiqc_data/fastp-seq-quality-plot_Read_2_After_filtering.txt",
                "multiqc/multiqc_data/fastp-seq-quality-plot_Read_2_Before_filtering.txt",
                "multiqc/multiqc_data/fastp_filtered_reads_plot.txt",
                "multiqc/multiqc_data/fastqc_raw-status-check-heatmap.txt",
                "multiqc/multiqc_data/fastqc_raw_adapter_content_plot.txt",
                "multiqc/multiqc_data/fastqc_raw_per_base_n_content_plot.txt",
                "multiqc/multiqc_data/fastqc_raw_per_base_sequence_quality_plot.txt",
                "multiqc/multiqc_data/fastqc_raw_per_sequence_gc_content_plot_Counts.txt",
                "multiqc/multiqc_data/fastqc_raw_per_sequence_gc_content_plot_Percentages.txt",
                "multiqc/multiqc_data/fastqc_raw_per_sequence_quality_scores_plot.txt",
                "multiqc/multiqc_data/fastqc_raw_sequence_counts_plot.txt",
                "multiqc/multiqc_data/fastqc_raw_sequence_duplication_levels_plot.txt",
                "multiqc/multiqc_data/fastqc_sequence_length_distribution_plot.txt",
                "multiqc/multiqc_data/llms-full.txt",
                "multiqc/multiqc_data/multiqc.log",
                "multiqc/multiqc_data/multiqc.parquet",
                "multiqc/multiqc_data/multiqc_citations.txt",
                "multiqc/multiqc_data/multiqc_data.json",
                "multiqc/multiqc_data/multiqc_fastp_fastp.txt",
                "multiqc/multiqc_data/multiqc_fastqc_fastqc_raw.txt",
                "multiqc/multiqc_data/multiqc_general_stats.txt",
                "multiqc/multiqc_data/multiqc_riker_library_alignment_riker_library.txt",
                "multiqc/multiqc_data/multiqc_riker_library_basic_base_distribution_riker_library.txt",
                "multiqc/multiqc_data/multiqc_riker_library_basic_mean_quality_by_cycle_riker_library.txt",
                "multiqc/multiqc_data/multiqc_riker_library_basic_quality_score_distribution_riker_library.txt",
                "multiqc/multiqc_data/multiqc_riker_library_gcbias_detail_riker_library.txt",
                "multiqc/multiqc_data/multiqc_riker_library_gcbias_summary_riker_library.txt",
                "multiqc/multiqc_data/multiqc_riker_library_isize_riker_library.txt",
                "multiqc/multiqc_data/multiqc_riker_library_wgs_riker_library.txt",
                "multiqc/multiqc_data/multiqc_riker_sample_alignment_riker_sample.txt",
                "multiqc/multiqc_data/multiqc_riker_sample_basic_base_distribution_riker_sample.txt",
                "multiqc/multiqc_data/multiqc_riker_sample_basic_mean_quality_by_cycle_riker_sample.txt",
                "multiqc/multiqc_data/multiqc_riker_sample_basic_quality_score_distribution_riker_sample.txt",
                "multiqc/multiqc_data/multiqc_riker_sample_gcbias_detail_riker_sample.txt",
                "multiqc/multiqc_data/multiqc_riker_sample_gcbias_summary_riker_sample.txt",
                "multiqc/multiqc_data/multiqc_riker_sample_isize_riker_sample.txt",
                "multiqc/multiqc_data/multiqc_riker_sample_wgs_riker_sample.txt",
                "multiqc/multiqc_data/multiqc_samtools_flagstat_samtools_flagstat_library.txt",
                "multiqc/multiqc_data/multiqc_samtools_flagstat_samtools_flagstat_sample.txt",
                "multiqc/multiqc_data/multiqc_software_versions.txt",
                "multiqc/multiqc_data/multiqc_sources.txt",
                "multiqc/multiqc_data/riker_library_alignment_summary.txt",
                "multiqc/multiqc_data/riker_library_alignment_table.txt",
                "multiqc/multiqc_data/riker_library_base_distribution_by_cycle__A.txt",
                "multiqc/multiqc_data/riker_library_base_distribution_by_cycle__C.txt",
                "multiqc/multiqc_data/riker_library_base_distribution_by_cycle__G.txt",
                "multiqc/multiqc_data/riker_library_base_distribution_by_cycle__N.txt",
                "multiqc/multiqc_data/riker_library_base_distribution_by_cycle__T.txt",
                "multiqc/multiqc_data/riker_library_gcbias_normalized_coverage.txt",
                "multiqc/multiqc_data/riker_library_insert_size.txt",
                "multiqc/multiqc_data/riker_library_mean_quality_by_cycle.txt",
                "multiqc/multiqc_data/riker_library_quality_score_distribution.txt",
                "multiqc/multiqc_data/riker_library_wgs_coverage_histogram.txt",
                "multiqc/multiqc_data/riker_library_wgs_excluded_bases.txt",
                "multiqc/multiqc_data/riker_library_wgs_table.txt",
                "multiqc/multiqc_data/riker_sample_alignment_summary.txt",
                "multiqc/multiqc_data/riker_sample_alignment_table.txt",
                "multiqc/multiqc_data/riker_sample_base_distribution_by_cycle__A.txt",
                "multiqc/multiqc_data/riker_sample_base_distribution_by_cycle__C.txt",
                "multiqc/multiqc_data/riker_sample_base_distribution_by_cycle__G.txt",
                "multiqc/multiqc_data/riker_sample_base_distribution_by_cycle__N.txt",
                "multiqc/multiqc_data/riker_sample_base_distribution_by_cycle__T.txt",
                "multiqc/multiqc_data/riker_sample_gcbias_normalized_coverage.txt",
                "multiqc/multiqc_data/riker_sample_insert_size.txt",
                "multiqc/multiqc_data/riker_sample_mean_quality_by_cycle.txt",
                "multiqc/multiqc_data/riker_sample_quality_score_distribution.txt",
                "multiqc/multiqc_data/riker_sample_wgs_coverage_histogram.txt",
                "multiqc/multiqc_data/riker_sample_wgs_excluded_bases.txt",
                "multiqc/multiqc_data/riker_sample_wgs_table.txt",
                "multiqc/multiqc_data/samtools-flagstat-pct-table.txt",
                "multiqc/multiqc_data/samtools-flagstat-table.txt",
                "multiqc/multiqc_report.html",
                "pipeline_info",
                "pipeline_info/biovat_software_mqc_versions.yml"
            ],
            [
                "S03.1.BH252YCCXY.7.fastp.json:md5,12729a40bf43fc850023ebf6e04e5c7a",
                "S03.1.BH252YCCXY.7_R1.fastp.fastq.gz:md5,08a9a2f380958cc219e1ad81ed0357c8",
                "S03.1.BH252YCCXY.7_R2.fastp.fastq.gz:md5,0fb5d0e9b938df4bbe6cae932d099030",
                "library_S03.1.BH252YCCXY.7.alignment-metrics.txt:md5,49b7e8f5d3da86058bfe1a867f57202a",
                "library_S03.1.BH252YCCXY.7.base-distribution-by-cycle.txt:md5,da896105b33b06b9300adc8d30795cdd",
                "library_S03.1.BH252YCCXY.7.gcbias-detail.txt:md5,0d956ef48fea35f236dacc0cd7593645",
                "library_S03.1.BH252YCCXY.7.gcbias-summary.txt:md5,c94eec374235794d14253858e46850eb",
                "library_S03.1.BH252YCCXY.7.isize-histogram.txt:md5,6f21a41168fb53892d97fa3ce5837db9",
                "library_S03.1.BH252YCCXY.7.isize-metrics.txt:md5,8dc406880fee15d6fe3a46b2d5859980",
                "library_S03.1.BH252YCCXY.7.mean-quality-by-cycle.txt:md5,2783972626ad26911dabd3c460f1c519",
                "library_S03.1.BH252YCCXY.7.quality-score-distribution.txt:md5,051245104cff70196e10e56c7cf0d1ba",
                "library_S03.1.BH252YCCXY.7.wgs-coverage.txt:md5,4c74e6ec23f45dcf41853cf32ba87bf1",
                "library_S03.1.BH252YCCXY.7.wgs-metrics.txt:md5,d6c13ce5657ef0cc93d7e81d1d0005db",
                "library_S03.1.BH252YCCXY.7.flagstat:md5,b36af106cbf08791bcba8194edd2ae48",
                "sample_S03.alignment-metrics.txt:md5,49b7e8f5d3da86058bfe1a867f57202a",
                "sample_S03.base-distribution-by-cycle.txt:md5,da896105b33b06b9300adc8d30795cdd",
                "sample_S03.gcbias-detail.txt:md5,0d956ef48fea35f236dacc0cd7593645",
                "sample_S03.gcbias-summary.txt:md5,c94eec374235794d14253858e46850eb",
                "sample_S03.isize-histogram.txt:md5,6f21a41168fb53892d97fa3ce5837db9",
                "sample_S03.isize-metrics.txt:md5,8dc406880fee15d6fe3a46b2d5859980",
                "sample_S03.mean-quality-by-cycle.txt:md5,2783972626ad26911dabd3c460f1c519",
                "sample_S03.quality-score-distribution.txt:md5,051245104cff70196e10e56c7cf0d1ba",
                "sample_S03.wgs-coverage.txt:md5,4c74e6ec23f45dcf41853cf32ba87bf1",
                "sample_S03.wgs-metrics.txt:md5,d6c13ce5657ef0cc93d7e81d1d0005db",
                "sample_S03.flagstat:md5,b36af106cbf08791bcba8194edd2ae48",
                "fastp-insert-size-plot.txt:md5,e88389a65806fb66b42955888fc31669",
                "fastp-seq-content-gc-plot_Read_1_After_filtering.txt:md5,ae6a655d1bd6d7b6a8c85337e25d84a6",
                "fastp-seq-content-gc-plot_Read_1_Before_filtering.txt:md5,ab7be6e9987a789c4274ea057864d33c",
                "fastp-seq-content-gc-plot_Read_2_After_filtering.txt:md5,8c944033ea3c2201d8c15971014c9fab",
                "fastp-seq-content-gc-plot_Read_2_Before_filtering.txt:md5,7a19574fa7493e135e4e6db2bd32929e",
                "fastp-seq-content-n-plot_Read_1_After_filtering.txt:md5,350f16c11dd33859ca1bf7197fa2d39f",
                "fastp-seq-content-n-plot_Read_1_Before_filtering.txt:md5,52fb4c860bbe9b2fab53a06acd175eb0",
                "fastp-seq-content-n-plot_Read_2_After_filtering.txt:md5,d6bd9e04466ac1e3340724cda9e74d91",
                "fastp-seq-content-n-plot_Read_2_Before_filtering.txt:md5,403aa740ee34cf1cc6234ed3db15b01c",
                "fastp-seq-quality-plot_Read_1_After_filtering.txt:md5,1774a6e09db506970eaf27fdbd42e816",
                "fastp-seq-quality-plot_Read_1_Before_filtering.txt:md5,6727de0315068d0a87a559c32564d3a9",
                "fastp-seq-quality-plot_Read_2_After_filtering.txt:md5,b4c76a1ac106bf395d43ededd6db252a",
                "fastp-seq-quality-plot_Read_2_Before_filtering.txt:md5,109d79d78b210fb6502513baca2cc86e",
                "fastp_filtered_reads_plot.txt:md5,85aac3d3cde6d8b28de8f46bae26a632",
                "fastqc_raw-status-check-heatmap.txt:md5,6d463b820f923f15bf88a195dd74bfdf",
                "fastqc_raw_adapter_content_plot.txt:md5,edf754393ad528e62b3ae67e2df558a3",
                "fastqc_raw_per_base_n_content_plot.txt:md5,0fb6ed9037f1fef7e1b483e5934a6b6f",
                "fastqc_raw_per_base_sequence_quality_plot.txt:md5,0e95a84d0925072cecd0bef629fdcdef",
                "fastqc_raw_per_sequence_gc_content_plot_Counts.txt:md5,6254f38a5937cb8ee7a72c630b5771cf",
                "fastqc_raw_per_sequence_gc_content_plot_Percentages.txt:md5,4efce8a0dfa63942116ec0290d02f6a5",
                "fastqc_raw_per_sequence_quality_scores_plot.txt:md5,787242ea98c42aea7b7866529c9d29ba",
                "fastqc_raw_sequence_counts_plot.txt:md5,0abf89b8c96de94d37923d90722cecef",
                "fastqc_raw_sequence_duplication_levels_plot.txt:md5,acff75a3d8ba01d81b72c7c0c9b280d6",
                "fastqc_sequence_length_distribution_plot.txt:md5,70bcbdfb80406880faf14607c816d516",
                "multiqc_citations.txt:md5,57db2426be011862828d18f767d25b57",
                "multiqc_fastp_fastp.txt:md5,d24a2214732caabbd17d168ac99ef470",
                "multiqc_fastqc_fastqc_raw.txt:md5,40b38603b50fb32588c662b358308204",
                "multiqc_general_stats.txt:md5,4243c81351aa443132258468cbc8127a",
                "multiqc_riker_library_alignment_riker_library.txt:md5,13eeb7c8f63f78290c25be9fa18e4a3e",
                "multiqc_riker_library_basic_base_distribution_riker_library.txt:md5,95f1cd8969d2e3dd8b6ad9f1483e1234",
                "multiqc_riker_library_basic_mean_quality_by_cycle_riker_library.txt:md5,b399ee2047699e58ad40f6498522b8c7",
                "multiqc_riker_library_basic_quality_score_distribution_riker_library.txt:md5,49e902f643208f24068431109458073a",
                "multiqc_riker_library_gcbias_detail_riker_library.txt:md5,7c187d339136c90b265af1fca7c6a1d5",
                "multiqc_riker_library_gcbias_summary_riker_library.txt:md5,d8b76c0d1c05f0e7a93dabb6b49ede71",
                "multiqc_riker_library_isize_riker_library.txt:md5,f45906225161e676d88f22a6f498ab1b",
                "multiqc_riker_library_wgs_riker_library.txt:md5,43aa37abe677d7fa64fcbe331ca7e551",
                "multiqc_riker_sample_alignment_riker_sample.txt:md5,13eeb7c8f63f78290c25be9fa18e4a3e",
                "multiqc_riker_sample_basic_base_distribution_riker_sample.txt:md5,95f1cd8969d2e3dd8b6ad9f1483e1234",
                "multiqc_riker_sample_basic_mean_quality_by_cycle_riker_sample.txt:md5,b399ee2047699e58ad40f6498522b8c7",
                "multiqc_riker_sample_basic_quality_score_distribution_riker_sample.txt:md5,49e902f643208f24068431109458073a",
                "multiqc_riker_sample_gcbias_detail_riker_sample.txt:md5,7c187d339136c90b265af1fca7c6a1d5",
                "multiqc_riker_sample_gcbias_summary_riker_sample.txt:md5,d8b76c0d1c05f0e7a93dabb6b49ede71",
                "multiqc_riker_sample_isize_riker_sample.txt:md5,f45906225161e676d88f22a6f498ab1b",
                "multiqc_riker_sample_wgs_riker_sample.txt:md5,43aa37abe677d7fa64fcbe331ca7e551",
                "multiqc_samtools_flagstat_samtools_flagstat_library.txt:md5,bbbb39277e3259dbc673adb2c3d524e8",
                "multiqc_samtools_flagstat_samtools_flagstat_sample.txt:md5,d769f2d2f5de7454fe1b40efe8138c29",
                "riker_library_alignment_summary.txt:md5,1bac214c6c199230dbc2c5d6617ca70f",
                "riker_library_alignment_table.txt:md5,4c23dda1dec4442a3605f52d6bb01135",
                "riker_library_base_distribution_by_cycle__A.txt:md5,b3b72aa3a5e59c25201216dd84286352",
                "riker_library_base_distribution_by_cycle__C.txt:md5,8e0fddd92bf524f138343a9f747ba800",
                "riker_library_base_distribution_by_cycle__G.txt:md5,d9d6dcf8871d1acb5cbc44d5a1200830",
                "riker_library_base_distribution_by_cycle__N.txt:md5,382e88d9f2d2d53812bd1afec7cfaa02",
                "riker_library_base_distribution_by_cycle__T.txt:md5,8565af0cb2ff9afb10feb1cd955cc6e5",
                "riker_library_gcbias_normalized_coverage.txt:md5,abf97c6f0bde51f957b6060b21dca591",
                "riker_library_insert_size.txt:md5,8ed9956ea3a95f83ab05bfb44a1d5d7e",
                "riker_library_mean_quality_by_cycle.txt:md5,e06790eef80332b4eea62e716c017011",
                "riker_library_quality_score_distribution.txt:md5,394513d6aff22722e21bce6df63f28b2",
                "riker_library_wgs_coverage_histogram.txt:md5,e93e494990ec4c44535ae6b3f02fd7d4",
                "riker_library_wgs_excluded_bases.txt:md5,63260fb66c1136c4e978d5390a5baa40",
                "riker_library_wgs_table.txt:md5,a4f109adeedf323759f40ece937651c1",
                "riker_sample_alignment_summary.txt:md5,1bac214c6c199230dbc2c5d6617ca70f",
                "riker_sample_alignment_table.txt:md5,4c23dda1dec4442a3605f52d6bb01135",
                "riker_sample_base_distribution_by_cycle__A.txt:md5,b3b72aa3a5e59c25201216dd84286352",
                "riker_sample_base_distribution_by_cycle__C.txt:md5,8e0fddd92bf524f138343a9f747ba800",
                "riker_sample_base_distribution_by_cycle__G.txt:md5,d9d6dcf8871d1acb5cbc44d5a1200830",
                "riker_sample_base_distribution_by_cycle__N.txt:md5,382e88d9f2d2d53812bd1afec7cfaa02",
                "riker_sample_base_distribution_by_cycle__T.txt:md5,8565af0cb2ff9afb10feb1cd955cc6e5",
                "riker_sample_gcbias_normalized_coverage.txt:md5,abf97c6f0bde51f957b6060b21dca591",
                "riker_sample_insert_size.txt:md5,8ed9956ea3a95f83ab05bfb44a1d5d7e",
                "riker_sample_mean_quality_by_cycle.txt:md5,e06790eef80332b4eea62e716c017011",
                "riker_sample_quality_score_distribution.txt:md5,394513d6aff22722e21bce6df63f28b2",
                "riker_sample_wgs_coverage_histogram.txt:md5,e93e494990ec4c44535ae6b3f02fd7d4",
                "riker_sample_wgs_excluded_bases.txt:md5,63260fb66c1136c4e978d5390a5baa40",
                "riker_sample_wgs_table.txt:md5,a4f109adeedf323759f40ece937651c1",
                "samtools-flagstat-pct-table.txt:md5,a0927637953074c9f36b5c452bb28752",
                "samtools-flagstat-table.txt:md5,a1d58bae98edd64bb86c63f524949b56"
            ],
            [
                "03_read_alignment/S03.1.BH252YCCXY.7.bam:b5aa2fc8b9ebf4e5322219b24d613ea4",
                "04_merged_samples/S03.bam:b5aa2fc8b9ebf4e5322219b24d613ea4"
            ]
        ],
        "timestamp": "2026-09-04T15:51:00.621364253",
        "meta": {
            "nf-test": "0.9.5",
            "nextflow": "26.04.6"
        }
    }
}