{
    "-profile test": {
        "content": [
            {
                "BWAMEM3_INDEX": {
                    "bwamem3": "0.8.0"
                },
                "BWAMEM3_MEM": {
                    "bwamem3": "0.8.0",
                    "samtools": 1.24
                },
                "FASTP": {
                    "fastp": "1.3.6"
                },
                "FASTQC": {
                    "fastqc": "0.12.1"
                },
                "RIKER_MULTI": {
                    "riker": "0.4.0"
                },
                "SAMTOOLS_FAIDX": {
                    "samtools": 1.24
                },
                "SAMTOOLS_FLAGSTAT": {
                    "samtools": 1.24
                },
                "SAMTOOLS_MERGE": {
                    "samtools": 1.24
                },
                "SAMTOOLS_SORMADUP": {
                    "samtools": 1.24
                },
                "Workflow": {
                    "NBISweden/biovat": "v0.0.1dev"
                }
            },
            [
                "01_input_checks",
                "01_input_checks/reads",
                "01_input_checks/reads/fastqc",
                "01_input_checks/reads/fastqc/PUN-R-ELF.1.SRR9309791.1_1_fastqc.html",
                "01_input_checks/reads/fastqc/PUN-R-ELF.1.SRR9309791.1_1_fastqc.zip",
                "01_input_checks/reads/fastqc/PUN-R-ELF.1.SRR9309791.1_2_fastqc.html",
                "01_input_checks/reads/fastqc/PUN-R-ELF.1.SRR9309791.1_2_fastqc.zip",
                "01_input_checks/reads/fastqc/PUN-R-JMC.1.SRR9309467.1_1_fastqc.html",
                "01_input_checks/reads/fastqc/PUN-R-JMC.1.SRR9309467.1_1_fastqc.zip",
                "01_input_checks/reads/fastqc/PUN-R-JMC.1.SRR9309467.1_2_fastqc.html",
                "01_input_checks/reads/fastqc/PUN-R-JMC.1.SRR9309467.1_2_fastqc.zip",
                "01_input_checks/reads/fastqc/PUN-R-MT.1.SRR9309470.1_1_fastqc.html",
                "01_input_checks/reads/fastqc/PUN-R-MT.1.SRR9309470.1_1_fastqc.zip",
                "01_input_checks/reads/fastqc/PUN-R-MT.1.SRR9309470.1_2_fastqc.html",
                "01_input_checks/reads/fastqc/PUN-R-MT.1.SRR9309470.1_2_fastqc.zip",
                "01_input_checks/reads/fastqc/PUN-Y-BCRD.1.SRR9309788.1_1_fastqc.html",
                "01_input_checks/reads/fastqc/PUN-Y-BCRD.1.SRR9309788.1_1_fastqc.zip",
                "01_input_checks/reads/fastqc/PUN-Y-BCRD.1.SRR9309788.1_2_fastqc.html",
                "01_input_checks/reads/fastqc/PUN-Y-BCRD.1.SRR9309788.1_2_fastqc.zip",
                "01_input_checks/reads/fastqc/PUN-Y-INJ.1.SRR9309790.1_1_fastqc.html",
                "01_input_checks/reads/fastqc/PUN-Y-INJ.1.SRR9309790.1_1_fastqc.zip",
                "01_input_checks/reads/fastqc/PUN-Y-INJ.1.SRR9309790.1_2_fastqc.html",
                "01_input_checks/reads/fastqc/PUN-Y-INJ.1.SRR9309790.1_2_fastqc.zip",
                "01_input_checks/reads/fastqc/PUN-Y-LO.1.SRR9309469.1_1_fastqc.html",
                "01_input_checks/reads/fastqc/PUN-Y-LO.1.SRR9309469.1_1_fastqc.zip",
                "01_input_checks/reads/fastqc/PUN-Y-LO.1.SRR9309469.1_2_fastqc.html",
                "01_input_checks/reads/fastqc/PUN-Y-LO.1.SRR9309469.1_2_fastqc.zip",
                "01_input_checks/reads/fastqc/PUN-Y-LO.2.SRR9309469.1_1_fastqc.html",
                "01_input_checks/reads/fastqc/PUN-Y-LO.2.SRR9309469.1_1_fastqc.zip",
                "01_input_checks/reads/fastqc/PUN-Y-LO.2.SRR9309469.1_2_fastqc.html",
                "01_input_checks/reads/fastqc/PUN-Y-LO.2.SRR9309469.1_2_fastqc.zip",
                "02_read_trimming",
                "02_read_trimming/PUN-R-ELF.1.SRR9309791.1.fastp.html",
                "02_read_trimming/PUN-R-ELF.1.SRR9309791.1.fastp.json",
                "02_read_trimming/PUN-R-ELF.1.SRR9309791.1.fastp.log",
                "02_read_trimming/PUN-R-ELF.1.SRR9309791.1_R1.fastp.fastq.gz",
                "02_read_trimming/PUN-R-ELF.1.SRR9309791.1_R2.fastp.fastq.gz",
                "02_read_trimming/PUN-R-JMC.1.SRR9309467.1.fastp.html",
                "02_read_trimming/PUN-R-JMC.1.SRR9309467.1.fastp.json",
                "02_read_trimming/PUN-R-JMC.1.SRR9309467.1.fastp.log",
                "02_read_trimming/PUN-R-JMC.1.SRR9309467.1_R1.fastp.fastq.gz",
                "02_read_trimming/PUN-R-JMC.1.SRR9309467.1_R2.fastp.fastq.gz",
                "02_read_trimming/PUN-R-MT.1.SRR9309470.1.fastp.html",
                "02_read_trimming/PUN-R-MT.1.SRR9309470.1.fastp.json",
                "02_read_trimming/PUN-R-MT.1.SRR9309470.1.fastp.log",
                "02_read_trimming/PUN-R-MT.1.SRR9309470.1_R1.fastp.fastq.gz",
                "02_read_trimming/PUN-R-MT.1.SRR9309470.1_R2.fastp.fastq.gz",
                "02_read_trimming/PUN-Y-BCRD.1.SRR9309788.1.fastp.html",
                "02_read_trimming/PUN-Y-BCRD.1.SRR9309788.1.fastp.json",
                "02_read_trimming/PUN-Y-BCRD.1.SRR9309788.1.fastp.log",
                "02_read_trimming/PUN-Y-BCRD.1.SRR9309788.1_R1.fastp.fastq.gz",
                "02_read_trimming/PUN-Y-BCRD.1.SRR9309788.1_R2.fastp.fastq.gz",
                "02_read_trimming/PUN-Y-INJ.1.SRR9309790.1.fastp.html",
                "02_read_trimming/PUN-Y-INJ.1.SRR9309790.1.fastp.json",
                "02_read_trimming/PUN-Y-INJ.1.SRR9309790.1.fastp.log",
                "02_read_trimming/PUN-Y-INJ.1.SRR9309790.1_R1.fastp.fastq.gz",
                "02_read_trimming/PUN-Y-INJ.1.SRR9309790.1_R2.fastp.fastq.gz",
                "02_read_trimming/PUN-Y-LO.1.SRR9309469.1.fastp.html",
                "02_read_trimming/PUN-Y-LO.1.SRR9309469.1.fastp.json",
                "02_read_trimming/PUN-Y-LO.1.SRR9309469.1.fastp.log",
                "02_read_trimming/PUN-Y-LO.1.SRR9309469.1_R1.fastp.fastq.gz",
                "02_read_trimming/PUN-Y-LO.1.SRR9309469.1_R2.fastp.fastq.gz",
                "02_read_trimming/PUN-Y-LO.2.SRR9309469.1.fastp.html",
                "02_read_trimming/PUN-Y-LO.2.SRR9309469.1.fastp.json",
                "02_read_trimming/PUN-Y-LO.2.SRR9309469.1.fastp.log",
                "02_read_trimming/PUN-Y-LO.2.SRR9309469.1_R1.fastp.fastq.gz",
                "02_read_trimming/PUN-Y-LO.2.SRR9309469.1_R2.fastp.fastq.gz",
                "03_read_alignment",
                "03_read_alignment/PUN-R-ELF.1.SRR9309791.1.bam",
                "03_read_alignment/PUN-R-ELF.1.SRR9309791.1.bam.csi",
                "03_read_alignment/PUN-R-JMC.1.SRR9309467.1.bam",
                "03_read_alignment/PUN-R-JMC.1.SRR9309467.1.bam.csi",
                "03_read_alignment/PUN-R-MT.1.SRR9309470.1.bam",
                "03_read_alignment/PUN-R-MT.1.SRR9309470.1.bam.csi",
                "03_read_alignment/PUN-Y-BCRD.1.SRR9309788.1.bam",
                "03_read_alignment/PUN-Y-BCRD.1.SRR9309788.1.bam.csi",
                "03_read_alignment/PUN-Y-INJ.1.SRR9309790.1.bam",
                "03_read_alignment/PUN-Y-INJ.1.SRR9309790.1.bam.csi",
                "03_read_alignment/PUN-Y-LO.1.SRR9309469.1.bam",
                "03_read_alignment/PUN-Y-LO.1.SRR9309469.1.bam.csi",
                "03_read_alignment/PUN-Y-LO.2.SRR9309469.1.bam",
                "03_read_alignment/PUN-Y-LO.2.SRR9309469.1.bam.csi",
                "03_read_alignment/qc",
                "03_read_alignment/qc/riker",
                "03_read_alignment/qc/riker/library_PUN-R-ELF.1.SRR9309791.1.alignment-metrics.txt",
                "03_read_alignment/qc/riker/library_PUN-R-ELF.1.SRR9309791.1.base-distribution-by-cycle.pdf",
                "03_read_alignment/qc/riker/library_PUN-R-ELF.1.SRR9309791.1.base-distribution-by-cycle.txt",
                "03_read_alignment/qc/riker/library_PUN-R-ELF.1.SRR9309791.1.gcbias-chart.pdf",
                "03_read_alignment/qc/riker/library_PUN-R-ELF.1.SRR9309791.1.gcbias-detail.txt",
                "03_read_alignment/qc/riker/library_PUN-R-ELF.1.SRR9309791.1.gcbias-summary.txt",
                "03_read_alignment/qc/riker/library_PUN-R-ELF.1.SRR9309791.1.isize-histogram.pdf",
                "03_read_alignment/qc/riker/library_PUN-R-ELF.1.SRR9309791.1.isize-histogram.txt",
                "03_read_alignment/qc/riker/library_PUN-R-ELF.1.SRR9309791.1.isize-metrics.txt",
                "03_read_alignment/qc/riker/library_PUN-R-ELF.1.SRR9309791.1.mean-quality-by-cycle.pdf",
                "03_read_alignment/qc/riker/library_PUN-R-ELF.1.SRR9309791.1.mean-quality-by-cycle.txt",
                "03_read_alignment/qc/riker/library_PUN-R-ELF.1.SRR9309791.1.quality-score-distribution.pdf",
                "03_read_alignment/qc/riker/library_PUN-R-ELF.1.SRR9309791.1.quality-score-distribution.txt",
                "03_read_alignment/qc/riker/library_PUN-R-ELF.1.SRR9309791.1.wgs-coverage.pdf",
                "03_read_alignment/qc/riker/library_PUN-R-ELF.1.SRR9309791.1.wgs-coverage.txt",
                "03_read_alignment/qc/riker/library_PUN-R-ELF.1.SRR9309791.1.wgs-metrics.txt",
                "03_read_alignment/qc/riker/library_PUN-R-JMC.1.SRR9309467.1.alignment-metrics.txt",
                "03_read_alignment/qc/riker/library_PUN-R-JMC.1.SRR9309467.1.base-distribution-by-cycle.pdf",
                "03_read_alignment/qc/riker/library_PUN-R-JMC.1.SRR9309467.1.base-distribution-by-cycle.txt",
                "03_read_alignment/qc/riker/library_PUN-R-JMC.1.SRR9309467.1.gcbias-chart.pdf",
                "03_read_alignment/qc/riker/library_PUN-R-JMC.1.SRR9309467.1.gcbias-detail.txt",
                "03_read_alignment/qc/riker/library_PUN-R-JMC.1.SRR9309467.1.gcbias-summary.txt",
                "03_read_alignment/qc/riker/library_PUN-R-JMC.1.SRR9309467.1.isize-histogram.pdf",
                "03_read_alignment/qc/riker/library_PUN-R-JMC.1.SRR9309467.1.isize-histogram.txt",
                "03_read_alignment/qc/riker/library_PUN-R-JMC.1.SRR9309467.1.isize-metrics.txt",
                "03_read_alignment/qc/riker/library_PUN-R-JMC.1.SRR9309467.1.mean-quality-by-cycle.pdf",
                "03_read_alignment/qc/riker/library_PUN-R-JMC.1.SRR9309467.1.mean-quality-by-cycle.txt",
                "03_read_alignment/qc/riker/library_PUN-R-JMC.1.SRR9309467.1.quality-score-distribution.pdf",
                "03_read_alignment/qc/riker/library_PUN-R-JMC.1.SRR9309467.1.quality-score-distribution.txt",
                "03_read_alignment/qc/riker/library_PUN-R-JMC.1.SRR9309467.1.wgs-coverage.pdf",
                "03_read_alignment/qc/riker/library_PUN-R-JMC.1.SRR9309467.1.wgs-coverage.txt",
                "03_read_alignment/qc/riker/library_PUN-R-JMC.1.SRR9309467.1.wgs-metrics.txt",
                "03_read_alignment/qc/riker/library_PUN-R-MT.1.SRR9309470.1.alignment-metrics.txt",
                "03_read_alignment/qc/riker/library_PUN-R-MT.1.SRR9309470.1.base-distribution-by-cycle.pdf",
                "03_read_alignment/qc/riker/library_PUN-R-MT.1.SRR9309470.1.base-distribution-by-cycle.txt",
                "03_read_alignment/qc/riker/library_PUN-R-MT.1.SRR9309470.1.gcbias-chart.pdf",
                "03_read_alignment/qc/riker/library_PUN-R-MT.1.SRR9309470.1.gcbias-detail.txt",
                "03_read_alignment/qc/riker/library_PUN-R-MT.1.SRR9309470.1.gcbias-summary.txt",
                "03_read_alignment/qc/riker/library_PUN-R-MT.1.SRR9309470.1.isize-histogram.pdf",
                "03_read_alignment/qc/riker/library_PUN-R-MT.1.SRR9309470.1.isize-histogram.txt",
                "03_read_alignment/qc/riker/library_PUN-R-MT.1.SRR9309470.1.isize-metrics.txt",
                "03_read_alignment/qc/riker/library_PUN-R-MT.1.SRR9309470.1.mean-quality-by-cycle.pdf",
                "03_read_alignment/qc/riker/library_PUN-R-MT.1.SRR9309470.1.mean-quality-by-cycle.txt",
                "03_read_alignment/qc/riker/library_PUN-R-MT.1.SRR9309470.1.quality-score-distribution.pdf",
                "03_read_alignment/qc/riker/library_PUN-R-MT.1.SRR9309470.1.quality-score-distribution.txt",
                "03_read_alignment/qc/riker/library_PUN-R-MT.1.SRR9309470.1.wgs-coverage.pdf",
                "03_read_alignment/qc/riker/library_PUN-R-MT.1.SRR9309470.1.wgs-coverage.txt",
                "03_read_alignment/qc/riker/library_PUN-R-MT.1.SRR9309470.1.wgs-metrics.txt",
                "03_read_alignment/qc/riker/library_PUN-Y-BCRD.1.SRR9309788.1.alignment-metrics.txt",
                "03_read_alignment/qc/riker/library_PUN-Y-BCRD.1.SRR9309788.1.base-distribution-by-cycle.pdf",
                "03_read_alignment/qc/riker/library_PUN-Y-BCRD.1.SRR9309788.1.base-distribution-by-cycle.txt",
                "03_read_alignment/qc/riker/library_PUN-Y-BCRD.1.SRR9309788.1.gcbias-chart.pdf",
                "03_read_alignment/qc/riker/library_PUN-Y-BCRD.1.SRR9309788.1.gcbias-detail.txt",
                "03_read_alignment/qc/riker/library_PUN-Y-BCRD.1.SRR9309788.1.gcbias-summary.txt",
                "03_read_alignment/qc/riker/library_PUN-Y-BCRD.1.SRR9309788.1.isize-histogram.pdf",
                "03_read_alignment/qc/riker/library_PUN-Y-BCRD.1.SRR9309788.1.isize-histogram.txt",
                "03_read_alignment/qc/riker/library_PUN-Y-BCRD.1.SRR9309788.1.isize-metrics.txt",
                "03_read_alignment/qc/riker/library_PUN-Y-BCRD.1.SRR9309788.1.mean-quality-by-cycle.pdf",
                "03_read_alignment/qc/riker/library_PUN-Y-BCRD.1.SRR9309788.1.mean-quality-by-cycle.txt",
                "03_read_alignment/qc/riker/library_PUN-Y-BCRD.1.SRR9309788.1.quality-score-distribution.pdf",
                "03_read_alignment/qc/riker/library_PUN-Y-BCRD.1.SRR9309788.1.quality-score-distribution.txt",
                "03_read_alignment/qc/riker/library_PUN-Y-BCRD.1.SRR9309788.1.wgs-coverage.pdf",
                "03_read_alignment/qc/riker/library_PUN-Y-BCRD.1.SRR9309788.1.wgs-coverage.txt",
                "03_read_alignment/qc/riker/library_PUN-Y-BCRD.1.SRR9309788.1.wgs-metrics.txt",
                "03_read_alignment/qc/riker/library_PUN-Y-INJ.1.SRR9309790.1.alignment-metrics.txt",
                "03_read_alignment/qc/riker/library_PUN-Y-INJ.1.SRR9309790.1.base-distribution-by-cycle.pdf",
                "03_read_alignment/qc/riker/library_PUN-Y-INJ.1.SRR9309790.1.base-distribution-by-cycle.txt",
                "03_read_alignment/qc/riker/library_PUN-Y-INJ.1.SRR9309790.1.gcbias-chart.pdf",
                "03_read_alignment/qc/riker/library_PUN-Y-INJ.1.SRR9309790.1.gcbias-detail.txt",
                "03_read_alignment/qc/riker/library_PUN-Y-INJ.1.SRR9309790.1.gcbias-summary.txt",
                "03_read_alignment/qc/riker/library_PUN-Y-INJ.1.SRR9309790.1.isize-histogram.pdf",
                "03_read_alignment/qc/riker/library_PUN-Y-INJ.1.SRR9309790.1.isize-histogram.txt",
                "03_read_alignment/qc/riker/library_PUN-Y-INJ.1.SRR9309790.1.isize-metrics.txt",
                "03_read_alignment/qc/riker/library_PUN-Y-INJ.1.SRR9309790.1.mean-quality-by-cycle.pdf",
                "03_read_alignment/qc/riker/library_PUN-Y-INJ.1.SRR9309790.1.mean-quality-by-cycle.txt",
                "03_read_alignment/qc/riker/library_PUN-Y-INJ.1.SRR9309790.1.quality-score-distribution.pdf",
                "03_read_alignment/qc/riker/library_PUN-Y-INJ.1.SRR9309790.1.quality-score-distribution.txt",
                "03_read_alignment/qc/riker/library_PUN-Y-INJ.1.SRR9309790.1.wgs-coverage.pdf",
                "03_read_alignment/qc/riker/library_PUN-Y-INJ.1.SRR9309790.1.wgs-coverage.txt",
                "03_read_alignment/qc/riker/library_PUN-Y-INJ.1.SRR9309790.1.wgs-metrics.txt",
                "03_read_alignment/qc/riker/library_PUN-Y-LO.1.SRR9309469.1.alignment-metrics.txt",
                "03_read_alignment/qc/riker/library_PUN-Y-LO.1.SRR9309469.1.base-distribution-by-cycle.pdf",
                "03_read_alignment/qc/riker/library_PUN-Y-LO.1.SRR9309469.1.base-distribution-by-cycle.txt",
                "03_read_alignment/qc/riker/library_PUN-Y-LO.1.SRR9309469.1.gcbias-chart.pdf",
                "03_read_alignment/qc/riker/library_PUN-Y-LO.1.SRR9309469.1.gcbias-detail.txt",
                "03_read_alignment/qc/riker/library_PUN-Y-LO.1.SRR9309469.1.gcbias-summary.txt",
                "03_read_alignment/qc/riker/library_PUN-Y-LO.1.SRR9309469.1.isize-histogram.pdf",
                "03_read_alignment/qc/riker/library_PUN-Y-LO.1.SRR9309469.1.isize-histogram.txt",
                "03_read_alignment/qc/riker/library_PUN-Y-LO.1.SRR9309469.1.isize-metrics.txt",
                "03_read_alignment/qc/riker/library_PUN-Y-LO.1.SRR9309469.1.mean-quality-by-cycle.pdf",
                "03_read_alignment/qc/riker/library_PUN-Y-LO.1.SRR9309469.1.mean-quality-by-cycle.txt",
                "03_read_alignment/qc/riker/library_PUN-Y-LO.1.SRR9309469.1.quality-score-distribution.pdf",
                "03_read_alignment/qc/riker/library_PUN-Y-LO.1.SRR9309469.1.quality-score-distribution.txt",
                "03_read_alignment/qc/riker/library_PUN-Y-LO.1.SRR9309469.1.wgs-coverage.pdf",
                "03_read_alignment/qc/riker/library_PUN-Y-LO.1.SRR9309469.1.wgs-coverage.txt",
                "03_read_alignment/qc/riker/library_PUN-Y-LO.1.SRR9309469.1.wgs-metrics.txt",
                "03_read_alignment/qc/riker/library_PUN-Y-LO.2.SRR9309469.1.alignment-metrics.txt",
                "03_read_alignment/qc/riker/library_PUN-Y-LO.2.SRR9309469.1.base-distribution-by-cycle.pdf",
                "03_read_alignment/qc/riker/library_PUN-Y-LO.2.SRR9309469.1.base-distribution-by-cycle.txt",
                "03_read_alignment/qc/riker/library_PUN-Y-LO.2.SRR9309469.1.gcbias-chart.pdf",
                "03_read_alignment/qc/riker/library_PUN-Y-LO.2.SRR9309469.1.gcbias-detail.txt",
                "03_read_alignment/qc/riker/library_PUN-Y-LO.2.SRR9309469.1.gcbias-summary.txt",
                "03_read_alignment/qc/riker/library_PUN-Y-LO.2.SRR9309469.1.isize-histogram.pdf",
                "03_read_alignment/qc/riker/library_PUN-Y-LO.2.SRR9309469.1.isize-histogram.txt",
                "03_read_alignment/qc/riker/library_PUN-Y-LO.2.SRR9309469.1.isize-metrics.txt",
                "03_read_alignment/qc/riker/library_PUN-Y-LO.2.SRR9309469.1.mean-quality-by-cycle.pdf",
                "03_read_alignment/qc/riker/library_PUN-Y-LO.2.SRR9309469.1.mean-quality-by-cycle.txt",
                "03_read_alignment/qc/riker/library_PUN-Y-LO.2.SRR9309469.1.quality-score-distribution.pdf",
                "03_read_alignment/qc/riker/library_PUN-Y-LO.2.SRR9309469.1.quality-score-distribution.txt",
                "03_read_alignment/qc/riker/library_PUN-Y-LO.2.SRR9309469.1.wgs-coverage.pdf",
                "03_read_alignment/qc/riker/library_PUN-Y-LO.2.SRR9309469.1.wgs-coverage.txt",
                "03_read_alignment/qc/riker/library_PUN-Y-LO.2.SRR9309469.1.wgs-metrics.txt",
                "03_read_alignment/qc/samtools_flagstat",
                "03_read_alignment/qc/samtools_flagstat/library_PUN-R-ELF.1.SRR9309791.1.flagstat",
                "03_read_alignment/qc/samtools_flagstat/library_PUN-R-JMC.1.SRR9309467.1.flagstat",
                "03_read_alignment/qc/samtools_flagstat/library_PUN-R-MT.1.SRR9309470.1.flagstat",
                "03_read_alignment/qc/samtools_flagstat/library_PUN-Y-BCRD.1.SRR9309788.1.flagstat",
                "03_read_alignment/qc/samtools_flagstat/library_PUN-Y-INJ.1.SRR9309790.1.flagstat",
                "03_read_alignment/qc/samtools_flagstat/library_PUN-Y-LO.1.SRR9309469.1.flagstat",
                "03_read_alignment/qc/samtools_flagstat/library_PUN-Y-LO.2.SRR9309469.1.flagstat",
                "04_merged_samples",
                "04_merged_samples/PUN-R-ELF_illumina.bam",
                "04_merged_samples/PUN-R-ELF_illumina.bam.csi",
                "04_merged_samples/PUN-R-JMC_illumina.bam",
                "04_merged_samples/PUN-R-JMC_illumina.bam.csi",
                "04_merged_samples/PUN-R-MT_illumina.bam",
                "04_merged_samples/PUN-R-MT_illumina.bam.csi",
                "04_merged_samples/PUN-Y-BCRD_illumina.bam",
                "04_merged_samples/PUN-Y-BCRD_illumina.bam.csi",
                "04_merged_samples/PUN-Y-INJ_illumina.bam",
                "04_merged_samples/PUN-Y-INJ_illumina.bam.csi",
                "04_merged_samples/PUN-Y-LO_illumina.bam",
                "04_merged_samples/PUN-Y-LO_illumina.bam.csi",
                "04_merged_samples/qc",
                "04_merged_samples/qc/riker",
                "04_merged_samples/qc/riker/sample_PUN-R-ELF_illumina.alignment-metrics.txt",
                "04_merged_samples/qc/riker/sample_PUN-R-ELF_illumina.base-distribution-by-cycle.pdf",
                "04_merged_samples/qc/riker/sample_PUN-R-ELF_illumina.base-distribution-by-cycle.txt",
                "04_merged_samples/qc/riker/sample_PUN-R-ELF_illumina.gcbias-chart.pdf",
                "04_merged_samples/qc/riker/sample_PUN-R-ELF_illumina.gcbias-detail.txt",
                "04_merged_samples/qc/riker/sample_PUN-R-ELF_illumina.gcbias-summary.txt",
                "04_merged_samples/qc/riker/sample_PUN-R-ELF_illumina.isize-histogram.pdf",
                "04_merged_samples/qc/riker/sample_PUN-R-ELF_illumina.isize-histogram.txt",
                "04_merged_samples/qc/riker/sample_PUN-R-ELF_illumina.isize-metrics.txt",
                "04_merged_samples/qc/riker/sample_PUN-R-ELF_illumina.mean-quality-by-cycle.pdf",
                "04_merged_samples/qc/riker/sample_PUN-R-ELF_illumina.mean-quality-by-cycle.txt",
                "04_merged_samples/qc/riker/sample_PUN-R-ELF_illumina.quality-score-distribution.pdf",
                "04_merged_samples/qc/riker/sample_PUN-R-ELF_illumina.quality-score-distribution.txt",
                "04_merged_samples/qc/riker/sample_PUN-R-ELF_illumina.wgs-coverage.pdf",
                "04_merged_samples/qc/riker/sample_PUN-R-ELF_illumina.wgs-coverage.txt",
                "04_merged_samples/qc/riker/sample_PUN-R-ELF_illumina.wgs-metrics.txt",
                "04_merged_samples/qc/riker/sample_PUN-R-JMC_illumina.alignment-metrics.txt",
                "04_merged_samples/qc/riker/sample_PUN-R-JMC_illumina.base-distribution-by-cycle.pdf",
                "04_merged_samples/qc/riker/sample_PUN-R-JMC_illumina.base-distribution-by-cycle.txt",
                "04_merged_samples/qc/riker/sample_PUN-R-JMC_illumina.gcbias-chart.pdf",
                "04_merged_samples/qc/riker/sample_PUN-R-JMC_illumina.gcbias-detail.txt",
                "04_merged_samples/qc/riker/sample_PUN-R-JMC_illumina.gcbias-summary.txt",
                "04_merged_samples/qc/riker/sample_PUN-R-JMC_illumina.isize-histogram.pdf",
                "04_merged_samples/qc/riker/sample_PUN-R-JMC_illumina.isize-histogram.txt",
                "04_merged_samples/qc/riker/sample_PUN-R-JMC_illumina.isize-metrics.txt",
                "04_merged_samples/qc/riker/sample_PUN-R-JMC_illumina.mean-quality-by-cycle.pdf",
                "04_merged_samples/qc/riker/sample_PUN-R-JMC_illumina.mean-quality-by-cycle.txt",
                "04_merged_samples/qc/riker/sample_PUN-R-JMC_illumina.quality-score-distribution.pdf",
                "04_merged_samples/qc/riker/sample_PUN-R-JMC_illumina.quality-score-distribution.txt",
                "04_merged_samples/qc/riker/sample_PUN-R-JMC_illumina.wgs-coverage.pdf",
                "04_merged_samples/qc/riker/sample_PUN-R-JMC_illumina.wgs-coverage.txt",
                "04_merged_samples/qc/riker/sample_PUN-R-JMC_illumina.wgs-metrics.txt",
                "04_merged_samples/qc/riker/sample_PUN-R-MT_illumina.alignment-metrics.txt",
                "04_merged_samples/qc/riker/sample_PUN-R-MT_illumina.base-distribution-by-cycle.pdf",
                "04_merged_samples/qc/riker/sample_PUN-R-MT_illumina.base-distribution-by-cycle.txt",
                "04_merged_samples/qc/riker/sample_PUN-R-MT_illumina.gcbias-chart.pdf",
                "04_merged_samples/qc/riker/sample_PUN-R-MT_illumina.gcbias-detail.txt",
                "04_merged_samples/qc/riker/sample_PUN-R-MT_illumina.gcbias-summary.txt",
                "04_merged_samples/qc/riker/sample_PUN-R-MT_illumina.isize-histogram.pdf",
                "04_merged_samples/qc/riker/sample_PUN-R-MT_illumina.isize-histogram.txt",
                "04_merged_samples/qc/riker/sample_PUN-R-MT_illumina.isize-metrics.txt",
                "04_merged_samples/qc/riker/sample_PUN-R-MT_illumina.mean-quality-by-cycle.pdf",
                "04_merged_samples/qc/riker/sample_PUN-R-MT_illumina.mean-quality-by-cycle.txt",
                "04_merged_samples/qc/riker/sample_PUN-R-MT_illumina.quality-score-distribution.pdf",
                "04_merged_samples/qc/riker/sample_PUN-R-MT_illumina.quality-score-distribution.txt",
                "04_merged_samples/qc/riker/sample_PUN-R-MT_illumina.wgs-coverage.pdf",
                "04_merged_samples/qc/riker/sample_PUN-R-MT_illumina.wgs-coverage.txt",
                "04_merged_samples/qc/riker/sample_PUN-R-MT_illumina.wgs-metrics.txt",
                "04_merged_samples/qc/riker/sample_PUN-Y-BCRD_illumina.alignment-metrics.txt",
                "04_merged_samples/qc/riker/sample_PUN-Y-BCRD_illumina.base-distribution-by-cycle.pdf",
                "04_merged_samples/qc/riker/sample_PUN-Y-BCRD_illumina.base-distribution-by-cycle.txt",
                "04_merged_samples/qc/riker/sample_PUN-Y-BCRD_illumina.gcbias-chart.pdf",
                "04_merged_samples/qc/riker/sample_PUN-Y-BCRD_illumina.gcbias-detail.txt",
                "04_merged_samples/qc/riker/sample_PUN-Y-BCRD_illumina.gcbias-summary.txt",
                "04_merged_samples/qc/riker/sample_PUN-Y-BCRD_illumina.isize-histogram.pdf",
                "04_merged_samples/qc/riker/sample_PUN-Y-BCRD_illumina.isize-histogram.txt",
                "04_merged_samples/qc/riker/sample_PUN-Y-BCRD_illumina.isize-metrics.txt",
                "04_merged_samples/qc/riker/sample_PUN-Y-BCRD_illumina.mean-quality-by-cycle.pdf",
                "04_merged_samples/qc/riker/sample_PUN-Y-BCRD_illumina.mean-quality-by-cycle.txt",
                "04_merged_samples/qc/riker/sample_PUN-Y-BCRD_illumina.quality-score-distribution.pdf",
                "04_merged_samples/qc/riker/sample_PUN-Y-BCRD_illumina.quality-score-distribution.txt",
                "04_merged_samples/qc/riker/sample_PUN-Y-BCRD_illumina.wgs-coverage.pdf",
                "04_merged_samples/qc/riker/sample_PUN-Y-BCRD_illumina.wgs-coverage.txt",
                "04_merged_samples/qc/riker/sample_PUN-Y-BCRD_illumina.wgs-metrics.txt",
                "04_merged_samples/qc/riker/sample_PUN-Y-INJ_illumina.alignment-metrics.txt",
                "04_merged_samples/qc/riker/sample_PUN-Y-INJ_illumina.base-distribution-by-cycle.pdf",
                "04_merged_samples/qc/riker/sample_PUN-Y-INJ_illumina.base-distribution-by-cycle.txt",
                "04_merged_samples/qc/riker/sample_PUN-Y-INJ_illumina.gcbias-chart.pdf",
                "04_merged_samples/qc/riker/sample_PUN-Y-INJ_illumina.gcbias-detail.txt",
                "04_merged_samples/qc/riker/sample_PUN-Y-INJ_illumina.gcbias-summary.txt",
                "04_merged_samples/qc/riker/sample_PUN-Y-INJ_illumina.isize-histogram.pdf",
                "04_merged_samples/qc/riker/sample_PUN-Y-INJ_illumina.isize-histogram.txt",
                "04_merged_samples/qc/riker/sample_PUN-Y-INJ_illumina.isize-metrics.txt",
                "04_merged_samples/qc/riker/sample_PUN-Y-INJ_illumina.mean-quality-by-cycle.pdf",
                "04_merged_samples/qc/riker/sample_PUN-Y-INJ_illumina.mean-quality-by-cycle.txt",
                "04_merged_samples/qc/riker/sample_PUN-Y-INJ_illumina.quality-score-distribution.pdf",
                "04_merged_samples/qc/riker/sample_PUN-Y-INJ_illumina.quality-score-distribution.txt",
                "04_merged_samples/qc/riker/sample_PUN-Y-INJ_illumina.wgs-coverage.pdf",
                "04_merged_samples/qc/riker/sample_PUN-Y-INJ_illumina.wgs-coverage.txt",
                "04_merged_samples/qc/riker/sample_PUN-Y-INJ_illumina.wgs-metrics.txt",
                "04_merged_samples/qc/riker/sample_PUN-Y-LO_illumina.alignment-metrics.txt",
                "04_merged_samples/qc/riker/sample_PUN-Y-LO_illumina.base-distribution-by-cycle.pdf",
                "04_merged_samples/qc/riker/sample_PUN-Y-LO_illumina.base-distribution-by-cycle.txt",
                "04_merged_samples/qc/riker/sample_PUN-Y-LO_illumina.gcbias-chart.pdf",
                "04_merged_samples/qc/riker/sample_PUN-Y-LO_illumina.gcbias-detail.txt",
                "04_merged_samples/qc/riker/sample_PUN-Y-LO_illumina.gcbias-summary.txt",
                "04_merged_samples/qc/riker/sample_PUN-Y-LO_illumina.isize-histogram.pdf",
                "04_merged_samples/qc/riker/sample_PUN-Y-LO_illumina.isize-histogram.txt",
                "04_merged_samples/qc/riker/sample_PUN-Y-LO_illumina.isize-metrics.txt",
                "04_merged_samples/qc/riker/sample_PUN-Y-LO_illumina.mean-quality-by-cycle.pdf",
                "04_merged_samples/qc/riker/sample_PUN-Y-LO_illumina.mean-quality-by-cycle.txt",
                "04_merged_samples/qc/riker/sample_PUN-Y-LO_illumina.quality-score-distribution.pdf",
                "04_merged_samples/qc/riker/sample_PUN-Y-LO_illumina.quality-score-distribution.txt",
                "04_merged_samples/qc/riker/sample_PUN-Y-LO_illumina.wgs-coverage.pdf",
                "04_merged_samples/qc/riker/sample_PUN-Y-LO_illumina.wgs-coverage.txt",
                "04_merged_samples/qc/riker/sample_PUN-Y-LO_illumina.wgs-metrics.txt",
                "04_merged_samples/qc/samtools_flagstat",
                "04_merged_samples/qc/samtools_flagstat/sample_PUN-R-ELF_illumina.flagstat",
                "04_merged_samples/qc/samtools_flagstat/sample_PUN-R-JMC_illumina.flagstat",
                "04_merged_samples/qc/samtools_flagstat/sample_PUN-R-MT_illumina.flagstat",
                "04_merged_samples/qc/samtools_flagstat/sample_PUN-Y-BCRD_illumina.flagstat",
                "04_merged_samples/qc/samtools_flagstat/sample_PUN-Y-INJ_illumina.flagstat",
                "04_merged_samples/qc/samtools_flagstat/sample_PUN-Y-LO_illumina.flagstat",
                "05_duplicate_processed",
                "05_duplicate_processed/PUN-R-ELF_illumina_markdup.bam",
                "05_duplicate_processed/PUN-R-ELF_illumina_markdup.bam.csi",
                "05_duplicate_processed/PUN-R-ELF_illumina_markdup.metrics",
                "05_duplicate_processed/PUN-R-JMC_illumina_markdup.bam",
                "05_duplicate_processed/PUN-R-JMC_illumina_markdup.bam.csi",
                "05_duplicate_processed/PUN-R-JMC_illumina_markdup.metrics",
                "05_duplicate_processed/PUN-R-MT_illumina_markdup.bam",
                "05_duplicate_processed/PUN-R-MT_illumina_markdup.bam.csi",
                "05_duplicate_processed/PUN-R-MT_illumina_markdup.metrics",
                "05_duplicate_processed/PUN-Y-BCRD_illumina_markdup.bam",
                "05_duplicate_processed/PUN-Y-BCRD_illumina_markdup.bam.csi",
                "05_duplicate_processed/PUN-Y-BCRD_illumina_markdup.metrics",
                "05_duplicate_processed/PUN-Y-INJ_illumina_markdup.bam",
                "05_duplicate_processed/PUN-Y-INJ_illumina_markdup.bam.csi",
                "05_duplicate_processed/PUN-Y-INJ_illumina_markdup.metrics",
                "05_duplicate_processed/PUN-Y-LO_illumina_markdup.bam",
                "05_duplicate_processed/PUN-Y-LO_illumina_markdup.bam.csi",
                "05_duplicate_processed/PUN-Y-LO_illumina_markdup.metrics",
                "05_duplicate_processed/qc",
                "05_duplicate_processed/qc/riker",
                "05_duplicate_processed/qc/riker/markdup_PUN-R-ELF_illumina.alignment-metrics.txt",
                "05_duplicate_processed/qc/riker/markdup_PUN-R-ELF_illumina.base-distribution-by-cycle.pdf",
                "05_duplicate_processed/qc/riker/markdup_PUN-R-ELF_illumina.base-distribution-by-cycle.txt",
                "05_duplicate_processed/qc/riker/markdup_PUN-R-ELF_illumina.gcbias-chart.pdf",
                "05_duplicate_processed/qc/riker/markdup_PUN-R-ELF_illumina.gcbias-detail.txt",
                "05_duplicate_processed/qc/riker/markdup_PUN-R-ELF_illumina.gcbias-summary.txt",
                "05_duplicate_processed/qc/riker/markdup_PUN-R-ELF_illumina.isize-histogram.pdf",
                "05_duplicate_processed/qc/riker/markdup_PUN-R-ELF_illumina.isize-histogram.txt",
                "05_duplicate_processed/qc/riker/markdup_PUN-R-ELF_illumina.isize-metrics.txt",
                "05_duplicate_processed/qc/riker/markdup_PUN-R-ELF_illumina.mean-quality-by-cycle.pdf",
                "05_duplicate_processed/qc/riker/markdup_PUN-R-ELF_illumina.mean-quality-by-cycle.txt",
                "05_duplicate_processed/qc/riker/markdup_PUN-R-ELF_illumina.quality-score-distribution.pdf",
                "05_duplicate_processed/qc/riker/markdup_PUN-R-ELF_illumina.quality-score-distribution.txt",
                "05_duplicate_processed/qc/riker/markdup_PUN-R-ELF_illumina.wgs-coverage.pdf",
                "05_duplicate_processed/qc/riker/markdup_PUN-R-ELF_illumina.wgs-coverage.txt",
                "05_duplicate_processed/qc/riker/markdup_PUN-R-ELF_illumina.wgs-metrics.txt",
                "05_duplicate_processed/qc/riker/markdup_PUN-R-JMC_illumina.alignment-metrics.txt",
                "05_duplicate_processed/qc/riker/markdup_PUN-R-JMC_illumina.base-distribution-by-cycle.pdf",
                "05_duplicate_processed/qc/riker/markdup_PUN-R-JMC_illumina.base-distribution-by-cycle.txt",
                "05_duplicate_processed/qc/riker/markdup_PUN-R-JMC_illumina.gcbias-chart.pdf",
                "05_duplicate_processed/qc/riker/markdup_PUN-R-JMC_illumina.gcbias-detail.txt",
                "05_duplicate_processed/qc/riker/markdup_PUN-R-JMC_illumina.gcbias-summary.txt",
                "05_duplicate_processed/qc/riker/markdup_PUN-R-JMC_illumina.isize-histogram.pdf",
                "05_duplicate_processed/qc/riker/markdup_PUN-R-JMC_illumina.isize-histogram.txt",
                "05_duplicate_processed/qc/riker/markdup_PUN-R-JMC_illumina.isize-metrics.txt",
                "05_duplicate_processed/qc/riker/markdup_PUN-R-JMC_illumina.mean-quality-by-cycle.pdf",
                "05_duplicate_processed/qc/riker/markdup_PUN-R-JMC_illumina.mean-quality-by-cycle.txt",
                "05_duplicate_processed/qc/riker/markdup_PUN-R-JMC_illumina.quality-score-distribution.pdf",
                "05_duplicate_processed/qc/riker/markdup_PUN-R-JMC_illumina.quality-score-distribution.txt",
                "05_duplicate_processed/qc/riker/markdup_PUN-R-JMC_illumina.wgs-coverage.pdf",
                "05_duplicate_processed/qc/riker/markdup_PUN-R-JMC_illumina.wgs-coverage.txt",
                "05_duplicate_processed/qc/riker/markdup_PUN-R-JMC_illumina.wgs-metrics.txt",
                "05_duplicate_processed/qc/riker/markdup_PUN-R-MT_illumina.alignment-metrics.txt",
                "05_duplicate_processed/qc/riker/markdup_PUN-R-MT_illumina.base-distribution-by-cycle.pdf",
                "05_duplicate_processed/qc/riker/markdup_PUN-R-MT_illumina.base-distribution-by-cycle.txt",
                "05_duplicate_processed/qc/riker/markdup_PUN-R-MT_illumina.gcbias-chart.pdf",
                "05_duplicate_processed/qc/riker/markdup_PUN-R-MT_illumina.gcbias-detail.txt",
                "05_duplicate_processed/qc/riker/markdup_PUN-R-MT_illumina.gcbias-summary.txt",
                "05_duplicate_processed/qc/riker/markdup_PUN-R-MT_illumina.isize-histogram.pdf",
                "05_duplicate_processed/qc/riker/markdup_PUN-R-MT_illumina.isize-histogram.txt",
                "05_duplicate_processed/qc/riker/markdup_PUN-R-MT_illumina.isize-metrics.txt",
                "05_duplicate_processed/qc/riker/markdup_PUN-R-MT_illumina.mean-quality-by-cycle.pdf",
                "05_duplicate_processed/qc/riker/markdup_PUN-R-MT_illumina.mean-quality-by-cycle.txt",
                "05_duplicate_processed/qc/riker/markdup_PUN-R-MT_illumina.quality-score-distribution.pdf",
                "05_duplicate_processed/qc/riker/markdup_PUN-R-MT_illumina.quality-score-distribution.txt",
                "05_duplicate_processed/qc/riker/markdup_PUN-R-MT_illumina.wgs-coverage.pdf",
                "05_duplicate_processed/qc/riker/markdup_PUN-R-MT_illumina.wgs-coverage.txt",
                "05_duplicate_processed/qc/riker/markdup_PUN-R-MT_illumina.wgs-metrics.txt",
                "05_duplicate_processed/qc/riker/markdup_PUN-Y-BCRD_illumina.alignment-metrics.txt",
                "05_duplicate_processed/qc/riker/markdup_PUN-Y-BCRD_illumina.base-distribution-by-cycle.pdf",
                "05_duplicate_processed/qc/riker/markdup_PUN-Y-BCRD_illumina.base-distribution-by-cycle.txt",
                "05_duplicate_processed/qc/riker/markdup_PUN-Y-BCRD_illumina.gcbias-chart.pdf",
                "05_duplicate_processed/qc/riker/markdup_PUN-Y-BCRD_illumina.gcbias-detail.txt",
                "05_duplicate_processed/qc/riker/markdup_PUN-Y-BCRD_illumina.gcbias-summary.txt",
                "05_duplicate_processed/qc/riker/markdup_PUN-Y-BCRD_illumina.isize-histogram.pdf",
                "05_duplicate_processed/qc/riker/markdup_PUN-Y-BCRD_illumina.isize-histogram.txt",
                "05_duplicate_processed/qc/riker/markdup_PUN-Y-BCRD_illumina.isize-metrics.txt",
                "05_duplicate_processed/qc/riker/markdup_PUN-Y-BCRD_illumina.mean-quality-by-cycle.pdf",
                "05_duplicate_processed/qc/riker/markdup_PUN-Y-BCRD_illumina.mean-quality-by-cycle.txt",
                "05_duplicate_processed/qc/riker/markdup_PUN-Y-BCRD_illumina.quality-score-distribution.pdf",
                "05_duplicate_processed/qc/riker/markdup_PUN-Y-BCRD_illumina.quality-score-distribution.txt",
                "05_duplicate_processed/qc/riker/markdup_PUN-Y-BCRD_illumina.wgs-coverage.pdf",
                "05_duplicate_processed/qc/riker/markdup_PUN-Y-BCRD_illumina.wgs-coverage.txt",
                "05_duplicate_processed/qc/riker/markdup_PUN-Y-BCRD_illumina.wgs-metrics.txt",
                "05_duplicate_processed/qc/riker/markdup_PUN-Y-INJ_illumina.alignment-metrics.txt",
                "05_duplicate_processed/qc/riker/markdup_PUN-Y-INJ_illumina.base-distribution-by-cycle.pdf",
                "05_duplicate_processed/qc/riker/markdup_PUN-Y-INJ_illumina.base-distribution-by-cycle.txt",
                "05_duplicate_processed/qc/riker/markdup_PUN-Y-INJ_illumina.gcbias-chart.pdf",
                "05_duplicate_processed/qc/riker/markdup_PUN-Y-INJ_illumina.gcbias-detail.txt",
                "05_duplicate_processed/qc/riker/markdup_PUN-Y-INJ_illumina.gcbias-summary.txt",
                "05_duplicate_processed/qc/riker/markdup_PUN-Y-INJ_illumina.isize-histogram.pdf",
                "05_duplicate_processed/qc/riker/markdup_PUN-Y-INJ_illumina.isize-histogram.txt",
                "05_duplicate_processed/qc/riker/markdup_PUN-Y-INJ_illumina.isize-metrics.txt",
                "05_duplicate_processed/qc/riker/markdup_PUN-Y-INJ_illumina.mean-quality-by-cycle.pdf",
                "05_duplicate_processed/qc/riker/markdup_PUN-Y-INJ_illumina.mean-quality-by-cycle.txt",
                "05_duplicate_processed/qc/riker/markdup_PUN-Y-INJ_illumina.quality-score-distribution.pdf",
                "05_duplicate_processed/qc/riker/markdup_PUN-Y-INJ_illumina.quality-score-distribution.txt",
                "05_duplicate_processed/qc/riker/markdup_PUN-Y-INJ_illumina.wgs-coverage.pdf",
                "05_duplicate_processed/qc/riker/markdup_PUN-Y-INJ_illumina.wgs-coverage.txt",
                "05_duplicate_processed/qc/riker/markdup_PUN-Y-INJ_illumina.wgs-metrics.txt",
                "05_duplicate_processed/qc/riker/markdup_PUN-Y-LO_illumina.alignment-metrics.txt",
                "05_duplicate_processed/qc/riker/markdup_PUN-Y-LO_illumina.base-distribution-by-cycle.pdf",
                "05_duplicate_processed/qc/riker/markdup_PUN-Y-LO_illumina.base-distribution-by-cycle.txt",
                "05_duplicate_processed/qc/riker/markdup_PUN-Y-LO_illumina.gcbias-chart.pdf",
                "05_duplicate_processed/qc/riker/markdup_PUN-Y-LO_illumina.gcbias-detail.txt",
                "05_duplicate_processed/qc/riker/markdup_PUN-Y-LO_illumina.gcbias-summary.txt",
                "05_duplicate_processed/qc/riker/markdup_PUN-Y-LO_illumina.isize-histogram.pdf",
                "05_duplicate_processed/qc/riker/markdup_PUN-Y-LO_illumina.isize-histogram.txt",
                "05_duplicate_processed/qc/riker/markdup_PUN-Y-LO_illumina.isize-metrics.txt",
                "05_duplicate_processed/qc/riker/markdup_PUN-Y-LO_illumina.mean-quality-by-cycle.pdf",
                "05_duplicate_processed/qc/riker/markdup_PUN-Y-LO_illumina.mean-quality-by-cycle.txt",
                "05_duplicate_processed/qc/riker/markdup_PUN-Y-LO_illumina.quality-score-distribution.pdf",
                "05_duplicate_processed/qc/riker/markdup_PUN-Y-LO_illumina.quality-score-distribution.txt",
                "05_duplicate_processed/qc/riker/markdup_PUN-Y-LO_illumina.wgs-coverage.pdf",
                "05_duplicate_processed/qc/riker/markdup_PUN-Y-LO_illumina.wgs-coverage.txt",
                "05_duplicate_processed/qc/riker/markdup_PUN-Y-LO_illumina.wgs-metrics.txt",
                "05_duplicate_processed/qc/samtools_flagstat",
                "05_duplicate_processed/qc/samtools_flagstat/markdup_PUN-R-ELF_illumina.flagstat",
                "05_duplicate_processed/qc/samtools_flagstat/markdup_PUN-R-JMC_illumina.flagstat",
                "05_duplicate_processed/qc/samtools_flagstat/markdup_PUN-R-MT_illumina.flagstat",
                "05_duplicate_processed/qc/samtools_flagstat/markdup_PUN-Y-BCRD_illumina.flagstat",
                "05_duplicate_processed/qc/samtools_flagstat/markdup_PUN-Y-INJ_illumina.flagstat",
                "05_duplicate_processed/qc/samtools_flagstat/markdup_PUN-Y-LO_illumina.flagstat",
                "multiqc",
                "multiqc/multiqc_data",
                "multiqc/multiqc_data/fastp-insert-size-plot.txt",
                "multiqc/multiqc_data/fastp-seq-content-gc-plot_Read_1_After_filtering.txt",
                "multiqc/multiqc_data/fastp-seq-content-gc-plot_Read_1_Before_filtering.txt",
                "multiqc/multiqc_data/fastp-seq-content-gc-plot_Read_2_After_filtering.txt",
                "multiqc/multiqc_data/fastp-seq-content-gc-plot_Read_2_Before_filtering.txt",
                "multiqc/multiqc_data/fastp-seq-content-n-plot_Read_1_After_filtering.txt",
                "multiqc/multiqc_data/fastp-seq-content-n-plot_Read_1_Before_filtering.txt",
                "multiqc/multiqc_data/fastp-seq-content-n-plot_Read_2_After_filtering.txt",
                "multiqc/multiqc_data/fastp-seq-content-n-plot_Read_2_Before_filtering.txt",
                "multiqc/multiqc_data/fastp-seq-quality-plot_Read_1_After_filtering.txt",
                "multiqc/multiqc_data/fastp-seq-quality-plot_Read_1_Before_filtering.txt",
                "multiqc/multiqc_data/fastp-seq-quality-plot_Read_2_After_filtering.txt",
                "multiqc/multiqc_data/fastp-seq-quality-plot_Read_2_Before_filtering.txt",
                "multiqc/multiqc_data/fastp_filtered_reads_plot.txt",
                "multiqc/multiqc_data/fastqc_raw-status-check-heatmap.txt",
                "multiqc/multiqc_data/fastqc_raw_adapter_content_plot.txt",
                "multiqc/multiqc_data/fastqc_raw_overrepresented_sequences_plot.txt",
                "multiqc/multiqc_data/fastqc_raw_per_base_n_content_plot.txt",
                "multiqc/multiqc_data/fastqc_raw_per_base_sequence_quality_plot.txt",
                "multiqc/multiqc_data/fastqc_raw_per_sequence_gc_content_plot_Counts.txt",
                "multiqc/multiqc_data/fastqc_raw_per_sequence_gc_content_plot_Percentages.txt",
                "multiqc/multiqc_data/fastqc_raw_per_sequence_quality_scores_plot.txt",
                "multiqc/multiqc_data/fastqc_raw_sequence_counts_plot.txt",
                "multiqc/multiqc_data/fastqc_raw_sequence_duplication_levels_plot.txt",
                "multiqc/multiqc_data/fastqc_raw_top_overrepresented_sequences_table.txt",
                "multiqc/multiqc_data/llms-full.txt",
                "multiqc/multiqc_data/multiqc.log",
                "multiqc/multiqc_data/multiqc.parquet",
                "multiqc/multiqc_data/multiqc_citations.txt",
                "multiqc/multiqc_data/multiqc_data.json",
                "multiqc/multiqc_data/multiqc_fastp_fastp.txt",
                "multiqc/multiqc_data/multiqc_fastqc_fastqc_raw.txt",
                "multiqc/multiqc_data/multiqc_general_stats.txt",
                "multiqc/multiqc_data/multiqc_riker_library_alignment_riker_library.txt",
                "multiqc/multiqc_data/multiqc_riker_library_basic_base_distribution_riker_library.txt",
                "multiqc/multiqc_data/multiqc_riker_library_basic_mean_quality_by_cycle_riker_library.txt",
                "multiqc/multiqc_data/multiqc_riker_library_basic_quality_score_distribution_riker_library.txt",
                "multiqc/multiqc_data/multiqc_riker_library_gcbias_detail_riker_library.txt",
                "multiqc/multiqc_data/multiqc_riker_library_gcbias_summary_riker_library.txt",
                "multiqc/multiqc_data/multiqc_riker_library_isize_riker_library.txt",
                "multiqc/multiqc_data/multiqc_riker_library_wgs_riker_library.txt",
                "multiqc/multiqc_data/multiqc_riker_markdup_alignment_riker_markdup.txt",
                "multiqc/multiqc_data/multiqc_riker_markdup_basic_base_distribution_riker_markdup.txt",
                "multiqc/multiqc_data/multiqc_riker_markdup_basic_mean_quality_by_cycle_riker_markdup.txt",
                "multiqc/multiqc_data/multiqc_riker_markdup_basic_quality_score_distribution_riker_markdup.txt",
                "multiqc/multiqc_data/multiqc_riker_markdup_gcbias_detail_riker_markdup.txt",
                "multiqc/multiqc_data/multiqc_riker_markdup_gcbias_summary_riker_markdup.txt",
                "multiqc/multiqc_data/multiqc_riker_markdup_isize_riker_markdup.txt",
                "multiqc/multiqc_data/multiqc_riker_markdup_wgs_riker_markdup.txt",
                "multiqc/multiqc_data/multiqc_riker_sample_alignment_riker_sample.txt",
                "multiqc/multiqc_data/multiqc_riker_sample_basic_base_distribution_riker_sample.txt",
                "multiqc/multiqc_data/multiqc_riker_sample_basic_mean_quality_by_cycle_riker_sample.txt",
                "multiqc/multiqc_data/multiqc_riker_sample_basic_quality_score_distribution_riker_sample.txt",
                "multiqc/multiqc_data/multiqc_riker_sample_gcbias_detail_riker_sample.txt",
                "multiqc/multiqc_data/multiqc_riker_sample_gcbias_summary_riker_sample.txt",
                "multiqc/multiqc_data/multiqc_riker_sample_isize_riker_sample.txt",
                "multiqc/multiqc_data/multiqc_riker_sample_wgs_riker_sample.txt",
                "multiqc/multiqc_data/multiqc_samtools_flagstat_samtools_flagstat_library.txt",
                "multiqc/multiqc_data/multiqc_samtools_flagstat_samtools_flagstat_markdup.txt",
                "multiqc/multiqc_data/multiqc_samtools_flagstat_samtools_flagstat_sample.txt",
                "multiqc/multiqc_data/multiqc_samtools_markdup_samtools_markdup.txt",
                "multiqc/multiqc_data/multiqc_software_versions.txt",
                "multiqc/multiqc_data/multiqc_sources.txt",
                "multiqc/multiqc_data/riker_library_alignment_summary.txt",
                "multiqc/multiqc_data/riker_library_alignment_table.txt",
                "multiqc/multiqc_data/riker_library_base_distribution_by_cycle__A.txt",
                "multiqc/multiqc_data/riker_library_base_distribution_by_cycle__C.txt",
                "multiqc/multiqc_data/riker_library_base_distribution_by_cycle__G.txt",
                "multiqc/multiqc_data/riker_library_base_distribution_by_cycle__N.txt",
                "multiqc/multiqc_data/riker_library_base_distribution_by_cycle__T.txt",
                "multiqc/multiqc_data/riker_library_gcbias_normalized_coverage.txt",
                "multiqc/multiqc_data/riker_library_insert_size_FR.txt",
                "multiqc/multiqc_data/riker_library_insert_size_RF.txt",
                "multiqc/multiqc_data/riker_library_insert_size_Tandem.txt",
                "multiqc/multiqc_data/riker_library_mean_quality_by_cycle.txt",
                "multiqc/multiqc_data/riker_library_quality_score_distribution.txt",
                "multiqc/multiqc_data/riker_library_wgs_coverage_histogram.txt",
                "multiqc/multiqc_data/riker_library_wgs_excluded_bases.txt",
                "multiqc/multiqc_data/riker_library_wgs_table.txt",
                "multiqc/multiqc_data/riker_markdup_alignment_summary.txt",
                "multiqc/multiqc_data/riker_markdup_alignment_table.txt",
                "multiqc/multiqc_data/riker_markdup_base_distribution_by_cycle__A.txt",
                "multiqc/multiqc_data/riker_markdup_base_distribution_by_cycle__C.txt",
                "multiqc/multiqc_data/riker_markdup_base_distribution_by_cycle__G.txt",
                "multiqc/multiqc_data/riker_markdup_base_distribution_by_cycle__N.txt",
                "multiqc/multiqc_data/riker_markdup_base_distribution_by_cycle__T.txt",
                "multiqc/multiqc_data/riker_markdup_gcbias_normalized_coverage.txt",
                "multiqc/multiqc_data/riker_markdup_insert_size_FR.txt",
                "multiqc/multiqc_data/riker_markdup_insert_size_RF.txt",
                "multiqc/multiqc_data/riker_markdup_insert_size_Tandem.txt",
                "multiqc/multiqc_data/riker_markdup_mean_quality_by_cycle.txt",
                "multiqc/multiqc_data/riker_markdup_quality_score_distribution.txt",
                "multiqc/multiqc_data/riker_markdup_wgs_coverage_histogram.txt",
                "multiqc/multiqc_data/riker_markdup_wgs_excluded_bases.txt",
                "multiqc/multiqc_data/riker_markdup_wgs_table.txt",
                "multiqc/multiqc_data/riker_sample_alignment_summary.txt",
                "multiqc/multiqc_data/riker_sample_alignment_table.txt",
                "multiqc/multiqc_data/riker_sample_base_distribution_by_cycle__A.txt",
                "multiqc/multiqc_data/riker_sample_base_distribution_by_cycle__C.txt",
                "multiqc/multiqc_data/riker_sample_base_distribution_by_cycle__G.txt",
                "multiqc/multiqc_data/riker_sample_base_distribution_by_cycle__N.txt",
                "multiqc/multiqc_data/riker_sample_base_distribution_by_cycle__T.txt",
                "multiqc/multiqc_data/riker_sample_gcbias_normalized_coverage.txt",
                "multiqc/multiqc_data/riker_sample_insert_size_FR.txt",
                "multiqc/multiqc_data/riker_sample_insert_size_RF.txt",
                "multiqc/multiqc_data/riker_sample_insert_size_Tandem.txt",
                "multiqc/multiqc_data/riker_sample_mean_quality_by_cycle.txt",
                "multiqc/multiqc_data/riker_sample_quality_score_distribution.txt",
                "multiqc/multiqc_data/riker_sample_wgs_coverage_histogram.txt",
                "multiqc/multiqc_data/riker_sample_wgs_excluded_bases.txt",
                "multiqc/multiqc_data/riker_sample_wgs_table.txt",
                "multiqc/multiqc_data/samtools-flagstat-pct-table.txt",
                "multiqc/multiqc_data/samtools-flagstat-table.txt",
                "multiqc/multiqc_data/samtools-markdup-fraction.txt",
                "multiqc/multiqc_data/samtools-markdup-table.txt",
                "multiqc/multiqc_report.html",
                "pipeline_info",
                "pipeline_info/biovat_software_mqc_versions.yml"
            ],
            [
                "PUN-R-ELF.1.SRR9309791.1.fastp.json:md5,a24751beec913a6ec20ba97f98dc7a54",
                "PUN-R-ELF.1.SRR9309791.1_R1.fastp.fastq.gz:md5,a61ebcdf3e50e466c8d78291a286bdc0",
                "PUN-R-ELF.1.SRR9309791.1_R2.fastp.fastq.gz:md5,51cf1a4d0b3de1fbeb84c41b482cf889",
                "PUN-R-JMC.1.SRR9309467.1.fastp.json:md5,90a4c0283bd3707a2d9a64c213950def",
                "PUN-R-JMC.1.SRR9309467.1_R1.fastp.fastq.gz:md5,00401baf99ca723c34db7d07ea66550e",
                "PUN-R-JMC.1.SRR9309467.1_R2.fastp.fastq.gz:md5,1895fc1c4a5444b0b5dbd202ca9bb5da",
                "PUN-R-MT.1.SRR9309470.1.fastp.json:md5,2312a2172113ae5ff359a6dd56b97de8",
                "PUN-R-MT.1.SRR9309470.1_R1.fastp.fastq.gz:md5,dc37884be5d8f56527fe086d9303dd2b",
                "PUN-R-MT.1.SRR9309470.1_R2.fastp.fastq.gz:md5,661c5f1ca941028c9f6e001fd678b6f3",
                "PUN-Y-BCRD.1.SRR9309788.1.fastp.json:md5,81cf0b7a0dcdf0c2f7884bf6530df137",
                "PUN-Y-BCRD.1.SRR9309788.1_R1.fastp.fastq.gz:md5,bc191abd9cdae0ffefde839aa33b8844",
                "PUN-Y-BCRD.1.SRR9309788.1_R2.fastp.fastq.gz:md5,f2220ec4384127cd30e3f1c35a35de16",
                "PUN-Y-INJ.1.SRR9309790.1.fastp.json:md5,2caa39d8a8cb648d39c341d35be18b21",
                "PUN-Y-INJ.1.SRR9309790.1_R1.fastp.fastq.gz:md5,79281a7ebda395b4d894f5b10ea0f392",
                "PUN-Y-INJ.1.SRR9309790.1_R2.fastp.fastq.gz:md5,af0e173ebe2c743067e969d319145a7c",
                "PUN-Y-LO.1.SRR9309469.1.fastp.json:md5,85cde3485f6dd283bb0b3b224a005e1b",
                "PUN-Y-LO.1.SRR9309469.1_R1.fastp.fastq.gz:md5,910ec05ff1f6fc6c1d51fb9983bfd98a",
                "PUN-Y-LO.1.SRR9309469.1_R2.fastp.fastq.gz:md5,cd9b61ea0a4ed589ec4d5f282bb01f2d",
                "PUN-Y-LO.2.SRR9309469.1.fastp.json:md5,65b7a29a2993e154fcf054479b7bed4c",
                "PUN-Y-LO.2.SRR9309469.1_R1.fastp.fastq.gz:md5,910ec05ff1f6fc6c1d51fb9983bfd98a",
                "PUN-Y-LO.2.SRR9309469.1_R2.fastp.fastq.gz:md5,cd9b61ea0a4ed589ec4d5f282bb01f2d",
                "library_PUN-R-ELF.1.SRR9309791.1.alignment-metrics.txt:md5,88c72cb8d499b305640f59e7e505f94a",
                "library_PUN-R-ELF.1.SRR9309791.1.base-distribution-by-cycle.txt:md5,55735f23df57dccbf1bcc0c7f793e8fe",
                "library_PUN-R-ELF.1.SRR9309791.1.gcbias-detail.txt:md5,7fd1e99b1cf32d169b12417a22f13d1f",
                "library_PUN-R-ELF.1.SRR9309791.1.gcbias-summary.txt:md5,1d71a937ca34577ef22305ea345ac481",
                "library_PUN-R-ELF.1.SRR9309791.1.isize-histogram.txt:md5,6c26f34c1f755324a9dbc42b6ea9fd01",
                "library_PUN-R-ELF.1.SRR9309791.1.isize-metrics.txt:md5,5d2e447a0ce28fb198e5e18f978d0751",
                "library_PUN-R-ELF.1.SRR9309791.1.mean-quality-by-cycle.txt:md5,9d9bfa98e89e0c3f5fec7508940d18b9",
                "library_PUN-R-ELF.1.SRR9309791.1.quality-score-distribution.txt:md5,4b6906d2374ba4438f14e35fa29cedd6",
                "library_PUN-R-ELF.1.SRR9309791.1.wgs-coverage.txt:md5,c6813a34b7292047f8c3eaa62460de1b",
                "library_PUN-R-ELF.1.SRR9309791.1.wgs-metrics.txt:md5,257a8106e0eb830ce69027c26499b9a1",
                "library_PUN-R-JMC.1.SRR9309467.1.alignment-metrics.txt:md5,73755eeaf52b30c2541ccd543da66c5d",
                "library_PUN-R-JMC.1.SRR9309467.1.base-distribution-by-cycle.txt:md5,5c3f53e0874db5c24ea2f6246bc2ec92",
                "library_PUN-R-JMC.1.SRR9309467.1.gcbias-detail.txt:md5,b470b4bd371908137a4b9cd55aa6d979",
                "library_PUN-R-JMC.1.SRR9309467.1.gcbias-summary.txt:md5,214685d9b96421911c10cda41fa1afba",
                "library_PUN-R-JMC.1.SRR9309467.1.isize-histogram.txt:md5,be17af10e9caf46537af23eb19c633e0",
                "library_PUN-R-JMC.1.SRR9309467.1.isize-metrics.txt:md5,a0a1b4400025e09b451054dace21f33f",
                "library_PUN-R-JMC.1.SRR9309467.1.mean-quality-by-cycle.txt:md5,8f0c91e0156659ad159722184605120a",
                "library_PUN-R-JMC.1.SRR9309467.1.quality-score-distribution.txt:md5,feb66c6b9bd6e87606a9bb2cfd0bd817",
                "library_PUN-R-JMC.1.SRR9309467.1.wgs-coverage.txt:md5,e4a16d65b5cfd306d99e1d0535d9ec71",
                "library_PUN-R-JMC.1.SRR9309467.1.wgs-metrics.txt:md5,d703f64c69b446e01dd47a7523a87b4f",
                "library_PUN-R-MT.1.SRR9309470.1.alignment-metrics.txt:md5,08c0df6b0d202988174e84df866e9301",
                "library_PUN-R-MT.1.SRR9309470.1.base-distribution-by-cycle.txt:md5,2c60cd1815344a57e6b651bc74fa547a",
                "library_PUN-R-MT.1.SRR9309470.1.gcbias-detail.txt:md5,f1ee3e58833cf0a36177990c06a00025",
                "library_PUN-R-MT.1.SRR9309470.1.gcbias-summary.txt:md5,20223e42d64fd14cccd676bfbd6c15e2",
                "library_PUN-R-MT.1.SRR9309470.1.isize-histogram.txt:md5,1f67010ffadfeb0bcddccd86b2df8c2c",
                "library_PUN-R-MT.1.SRR9309470.1.isize-metrics.txt:md5,8a21f6e5955d815e7eb3a7b543f6f229",
                "library_PUN-R-MT.1.SRR9309470.1.mean-quality-by-cycle.txt:md5,416ed631194300359cefb9b814410078",
                "library_PUN-R-MT.1.SRR9309470.1.quality-score-distribution.txt:md5,8fc1d932292acab29de5ea44d2cfda1b",
                "library_PUN-R-MT.1.SRR9309470.1.wgs-coverage.txt:md5,6cc82ad27cda3d4e7b033112eeb1b2e3",
                "library_PUN-R-MT.1.SRR9309470.1.wgs-metrics.txt:md5,c2b02f7fb1643cd73d562ec874582614",
                "library_PUN-Y-BCRD.1.SRR9309788.1.alignment-metrics.txt:md5,5de2c08905a3bdb8607880c7c9be1c3d",
                "library_PUN-Y-BCRD.1.SRR9309788.1.base-distribution-by-cycle.txt:md5,2e265bdbbf2fdc2db31757e020e11666",
                "library_PUN-Y-BCRD.1.SRR9309788.1.gcbias-detail.txt:md5,146824a50d1b6f0da3627149e753a1a3",
                "library_PUN-Y-BCRD.1.SRR9309788.1.gcbias-summary.txt:md5,f84230996db867214197081066425105",
                "library_PUN-Y-BCRD.1.SRR9309788.1.isize-histogram.txt:md5,75bdc098c5c5b48a75f222914f4de5bd",
                "library_PUN-Y-BCRD.1.SRR9309788.1.isize-metrics.txt:md5,980cc79694f7d9e828e09a6f58f3a8c3",
                "library_PUN-Y-BCRD.1.SRR9309788.1.mean-quality-by-cycle.txt:md5,adb1cd44b5f92424e90b8de873d9fd1b",
                "library_PUN-Y-BCRD.1.SRR9309788.1.quality-score-distribution.txt:md5,18ab160437795bb506310b59cc7f5851",
                "library_PUN-Y-BCRD.1.SRR9309788.1.wgs-coverage.txt:md5,d95f6a612e27f986f3dd6d8b76a0ca02",
                "library_PUN-Y-BCRD.1.SRR9309788.1.wgs-metrics.txt:md5,9c525eef38222071247904963ab9c699",
                "library_PUN-Y-INJ.1.SRR9309790.1.alignment-metrics.txt:md5,1261e3a2ddef131f18a51f83b25a25ff",
                "library_PUN-Y-INJ.1.SRR9309790.1.base-distribution-by-cycle.txt:md5,fe3b99a61cb3fca279b7a29cfd4e6a25",
                "library_PUN-Y-INJ.1.SRR9309790.1.gcbias-detail.txt:md5,9a1c44e1b10c61bbd168e11c0f5c71c4",
                "library_PUN-Y-INJ.1.SRR9309790.1.gcbias-summary.txt:md5,3ef9a4342084d8db24c40089bed96987",
                "library_PUN-Y-INJ.1.SRR9309790.1.isize-histogram.txt:md5,b061025f1875e5ed41c1d994fe00866d",
                "library_PUN-Y-INJ.1.SRR9309790.1.isize-metrics.txt:md5,d8914ca3867671f5c2de1aacbd5a8783",
                "library_PUN-Y-INJ.1.SRR9309790.1.mean-quality-by-cycle.txt:md5,e5daa9d0137696c49048a547fd335b31",
                "library_PUN-Y-INJ.1.SRR9309790.1.quality-score-distribution.txt:md5,69d8d40aee3cbf94bb7438eeb82d42f8",
                "library_PUN-Y-INJ.1.SRR9309790.1.wgs-coverage.txt:md5,ff858fe73527efeed8e4dce54193c5cd",
                "library_PUN-Y-INJ.1.SRR9309790.1.wgs-metrics.txt:md5,f6ad54d97f12421ebfc874fdc2ddcd31",
                "library_PUN-Y-LO.1.SRR9309469.1.alignment-metrics.txt:md5,c1a5edd4148c2b32791471c97572112b",
                "library_PUN-Y-LO.1.SRR9309469.1.base-distribution-by-cycle.txt:md5,2434ced610b985bbdca1d2d9950dfbe7",
                "library_PUN-Y-LO.1.SRR9309469.1.gcbias-detail.txt:md5,cea4758fb13e21ce51c16f8577484113",
                "library_PUN-Y-LO.1.SRR9309469.1.gcbias-summary.txt:md5,9367b69befff65979d0eb4d702840ff8",
                "library_PUN-Y-LO.1.SRR9309469.1.isize-histogram.txt:md5,a996287d03fd80c17f8f2008bc438659",
                "library_PUN-Y-LO.1.SRR9309469.1.isize-metrics.txt:md5,f023fdff65688961de6f94ad0890cce7",
                "library_PUN-Y-LO.1.SRR9309469.1.mean-quality-by-cycle.txt:md5,ec7271d3ecf52f5e29384270cbd635f7",
                "library_PUN-Y-LO.1.SRR9309469.1.quality-score-distribution.txt:md5,b813315430c08711293f2127663e2718",
                "library_PUN-Y-LO.1.SRR9309469.1.wgs-coverage.txt:md5,f29ace75ca4b8bafd80c4d718cd71a41",
                "library_PUN-Y-LO.1.SRR9309469.1.wgs-metrics.txt:md5,8ef928f26533eec453508b402f6b73ae",
                "library_PUN-Y-LO.2.SRR9309469.1.alignment-metrics.txt:md5,c1a5edd4148c2b32791471c97572112b",
                "library_PUN-Y-LO.2.SRR9309469.1.base-distribution-by-cycle.txt:md5,2434ced610b985bbdca1d2d9950dfbe7",
                "library_PUN-Y-LO.2.SRR9309469.1.gcbias-detail.txt:md5,cea4758fb13e21ce51c16f8577484113",
                "library_PUN-Y-LO.2.SRR9309469.1.gcbias-summary.txt:md5,9367b69befff65979d0eb4d702840ff8",
                "library_PUN-Y-LO.2.SRR9309469.1.isize-histogram.txt:md5,a996287d03fd80c17f8f2008bc438659",
                "library_PUN-Y-LO.2.SRR9309469.1.isize-metrics.txt:md5,f023fdff65688961de6f94ad0890cce7",
                "library_PUN-Y-LO.2.SRR9309469.1.mean-quality-by-cycle.txt:md5,ec7271d3ecf52f5e29384270cbd635f7",
                "library_PUN-Y-LO.2.SRR9309469.1.quality-score-distribution.txt:md5,b813315430c08711293f2127663e2718",
                "library_PUN-Y-LO.2.SRR9309469.1.wgs-coverage.txt:md5,f29ace75ca4b8bafd80c4d718cd71a41",
                "library_PUN-Y-LO.2.SRR9309469.1.wgs-metrics.txt:md5,8ef928f26533eec453508b402f6b73ae",
                "library_PUN-R-ELF.1.SRR9309791.1.flagstat:md5,b968e42799d6c3698e756d1fd2a16734",
                "library_PUN-R-JMC.1.SRR9309467.1.flagstat:md5,fce282ed25855f7154cba6a0bea19bc4",
                "library_PUN-R-MT.1.SRR9309470.1.flagstat:md5,80acd192c77060df6cf6371351c49076",
                "library_PUN-Y-BCRD.1.SRR9309788.1.flagstat:md5,81847710fbb8e83cc0d3086c52ef3083",
                "library_PUN-Y-INJ.1.SRR9309790.1.flagstat:md5,1ae8d38059d5283f3006ef6d461d62c2",
                "library_PUN-Y-LO.1.SRR9309469.1.flagstat:md5,7d1ed807ab387a6afa08de34875a973d",
                "library_PUN-Y-LO.2.SRR9309469.1.flagstat:md5,7d1ed807ab387a6afa08de34875a973d",
                "sample_PUN-R-ELF_illumina.alignment-metrics.txt:md5,88c72cb8d499b305640f59e7e505f94a",
                "sample_PUN-R-ELF_illumina.base-distribution-by-cycle.txt:md5,55735f23df57dccbf1bcc0c7f793e8fe",
                "sample_PUN-R-ELF_illumina.gcbias-detail.txt:md5,7fd1e99b1cf32d169b12417a22f13d1f",
                "sample_PUN-R-ELF_illumina.gcbias-summary.txt:md5,1d71a937ca34577ef22305ea345ac481",
                "sample_PUN-R-ELF_illumina.isize-histogram.txt:md5,6c26f34c1f755324a9dbc42b6ea9fd01",
                "sample_PUN-R-ELF_illumina.isize-metrics.txt:md5,5d2e447a0ce28fb198e5e18f978d0751",
                "sample_PUN-R-ELF_illumina.mean-quality-by-cycle.txt:md5,9d9bfa98e89e0c3f5fec7508940d18b9",
                "sample_PUN-R-ELF_illumina.quality-score-distribution.txt:md5,4b6906d2374ba4438f14e35fa29cedd6",
                "sample_PUN-R-ELF_illumina.wgs-coverage.txt:md5,c6813a34b7292047f8c3eaa62460de1b",
                "sample_PUN-R-ELF_illumina.wgs-metrics.txt:md5,257a8106e0eb830ce69027c26499b9a1",
                "sample_PUN-R-JMC_illumina.alignment-metrics.txt:md5,73755eeaf52b30c2541ccd543da66c5d",
                "sample_PUN-R-JMC_illumina.base-distribution-by-cycle.txt:md5,5c3f53e0874db5c24ea2f6246bc2ec92",
                "sample_PUN-R-JMC_illumina.gcbias-detail.txt:md5,b470b4bd371908137a4b9cd55aa6d979",
                "sample_PUN-R-JMC_illumina.gcbias-summary.txt:md5,214685d9b96421911c10cda41fa1afba",
                "sample_PUN-R-JMC_illumina.isize-histogram.txt:md5,be17af10e9caf46537af23eb19c633e0",
                "sample_PUN-R-JMC_illumina.isize-metrics.txt:md5,a0a1b4400025e09b451054dace21f33f",
                "sample_PUN-R-JMC_illumina.mean-quality-by-cycle.txt:md5,8f0c91e0156659ad159722184605120a",
                "sample_PUN-R-JMC_illumina.quality-score-distribution.txt:md5,feb66c6b9bd6e87606a9bb2cfd0bd817",
                "sample_PUN-R-JMC_illumina.wgs-coverage.txt:md5,e4a16d65b5cfd306d99e1d0535d9ec71",
                "sample_PUN-R-JMC_illumina.wgs-metrics.txt:md5,d703f64c69b446e01dd47a7523a87b4f",
                "sample_PUN-R-MT_illumina.alignment-metrics.txt:md5,08c0df6b0d202988174e84df866e9301",
                "sample_PUN-R-MT_illumina.base-distribution-by-cycle.txt:md5,2c60cd1815344a57e6b651bc74fa547a",
                "sample_PUN-R-MT_illumina.gcbias-detail.txt:md5,f1ee3e58833cf0a36177990c06a00025",
                "sample_PUN-R-MT_illumina.gcbias-summary.txt:md5,20223e42d64fd14cccd676bfbd6c15e2",
                "sample_PUN-R-MT_illumina.isize-histogram.txt:md5,1f67010ffadfeb0bcddccd86b2df8c2c",
                "sample_PUN-R-MT_illumina.isize-metrics.txt:md5,8a21f6e5955d815e7eb3a7b543f6f229",
                "sample_PUN-R-MT_illumina.mean-quality-by-cycle.txt:md5,416ed631194300359cefb9b814410078",
                "sample_PUN-R-MT_illumina.quality-score-distribution.txt:md5,8fc1d932292acab29de5ea44d2cfda1b",
                "sample_PUN-R-MT_illumina.wgs-coverage.txt:md5,6cc82ad27cda3d4e7b033112eeb1b2e3",
                "sample_PUN-R-MT_illumina.wgs-metrics.txt:md5,c2b02f7fb1643cd73d562ec874582614",
                "sample_PUN-Y-BCRD_illumina.alignment-metrics.txt:md5,5de2c08905a3bdb8607880c7c9be1c3d",
                "sample_PUN-Y-BCRD_illumina.base-distribution-by-cycle.txt:md5,2e265bdbbf2fdc2db31757e020e11666",
                "sample_PUN-Y-BCRD_illumina.gcbias-detail.txt:md5,146824a50d1b6f0da3627149e753a1a3",
                "sample_PUN-Y-BCRD_illumina.gcbias-summary.txt:md5,f84230996db867214197081066425105",
                "sample_PUN-Y-BCRD_illumina.isize-histogram.txt:md5,75bdc098c5c5b48a75f222914f4de5bd",
                "sample_PUN-Y-BCRD_illumina.isize-metrics.txt:md5,980cc79694f7d9e828e09a6f58f3a8c3",
                "sample_PUN-Y-BCRD_illumina.mean-quality-by-cycle.txt:md5,adb1cd44b5f92424e90b8de873d9fd1b",
                "sample_PUN-Y-BCRD_illumina.quality-score-distribution.txt:md5,18ab160437795bb506310b59cc7f5851",
                "sample_PUN-Y-BCRD_illumina.wgs-coverage.txt:md5,d95f6a612e27f986f3dd6d8b76a0ca02",
                "sample_PUN-Y-BCRD_illumina.wgs-metrics.txt:md5,9c525eef38222071247904963ab9c699",
                "sample_PUN-Y-INJ_illumina.alignment-metrics.txt:md5,1261e3a2ddef131f18a51f83b25a25ff",
                "sample_PUN-Y-INJ_illumina.base-distribution-by-cycle.txt:md5,fe3b99a61cb3fca279b7a29cfd4e6a25",
                "sample_PUN-Y-INJ_illumina.gcbias-detail.txt:md5,9a1c44e1b10c61bbd168e11c0f5c71c4",
                "sample_PUN-Y-INJ_illumina.gcbias-summary.txt:md5,3ef9a4342084d8db24c40089bed96987",
                "sample_PUN-Y-INJ_illumina.isize-histogram.txt:md5,b061025f1875e5ed41c1d994fe00866d",
                "sample_PUN-Y-INJ_illumina.isize-metrics.txt:md5,d8914ca3867671f5c2de1aacbd5a8783",
                "sample_PUN-Y-INJ_illumina.mean-quality-by-cycle.txt:md5,e5daa9d0137696c49048a547fd335b31",
                "sample_PUN-Y-INJ_illumina.quality-score-distribution.txt:md5,69d8d40aee3cbf94bb7438eeb82d42f8",
                "sample_PUN-Y-INJ_illumina.wgs-coverage.txt:md5,ff858fe73527efeed8e4dce54193c5cd",
                "sample_PUN-Y-INJ_illumina.wgs-metrics.txt:md5,f6ad54d97f12421ebfc874fdc2ddcd31",
                "sample_PUN-Y-LO_illumina.alignment-metrics.txt:md5,88cc6155d9b33f881592ec05ee8e8108",
                "sample_PUN-Y-LO_illumina.base-distribution-by-cycle.txt:md5,2434ced610b985bbdca1d2d9950dfbe7",
                "sample_PUN-Y-LO_illumina.gcbias-detail.txt:md5,e73298ade8088ed645e58c11917a3a27",
                "sample_PUN-Y-LO_illumina.gcbias-summary.txt:md5,5c054b52bef78840de1d497c4cb070b4",
                "sample_PUN-Y-LO_illumina.isize-histogram.txt:md5,983bc58b29206fa4339472c9620685ba",
                "sample_PUN-Y-LO_illumina.isize-metrics.txt:md5,8cf470e793685c4d95d788ac460be80c",
                "sample_PUN-Y-LO_illumina.mean-quality-by-cycle.txt:md5,ec7271d3ecf52f5e29384270cbd635f7",
                "sample_PUN-Y-LO_illumina.quality-score-distribution.txt:md5,1ef74cd1d70bf0c75d4a5f772d59d914",
                "sample_PUN-Y-LO_illumina.wgs-coverage.txt:md5,9c41d2aa8d2bcf76a376544dc5647c4f",
                "sample_PUN-Y-LO_illumina.wgs-metrics.txt:md5,eef9c93e9cd796b334aa69be4de1ec5b",
                "sample_PUN-R-ELF_illumina.flagstat:md5,b968e42799d6c3698e756d1fd2a16734",
                "sample_PUN-R-JMC_illumina.flagstat:md5,fce282ed25855f7154cba6a0bea19bc4",
                "sample_PUN-R-MT_illumina.flagstat:md5,80acd192c77060df6cf6371351c49076",
                "sample_PUN-Y-BCRD_illumina.flagstat:md5,81847710fbb8e83cc0d3086c52ef3083",
                "sample_PUN-Y-INJ_illumina.flagstat:md5,1ae8d38059d5283f3006ef6d461d62c2",
                "sample_PUN-Y-LO_illumina.flagstat:md5,1fd2c263cd37c24007e28d0369df6fb0",
                "PUN-R-ELF_illumina_markdup.metrics:md5,4527f677f401c238c77b82a409ac3cb4",
                "PUN-R-JMC_illumina_markdup.metrics:md5,3f678862fcc3f05963dec999f12c84b7",
                "PUN-R-MT_illumina_markdup.metrics:md5,b1b28e8aacf4e4823917fb6d7ede15c8",
                "PUN-Y-BCRD_illumina_markdup.metrics:md5,c508713f999ca3b2fd1be017d71db231",
                "PUN-Y-INJ_illumina_markdup.metrics:md5,5297eeda24d801a2dfbc2d6205ea4f94",
                "PUN-Y-LO_illumina_markdup.metrics:md5,356cda2a3aeb8e4518a4ba405a97b0c8",
                "markdup_PUN-R-ELF_illumina.alignment-metrics.txt:md5,38116e85631a521c5f4333a9b720a8d4",
                "markdup_PUN-R-ELF_illumina.base-distribution-by-cycle.txt:md5,a568c61ec19b16f036c8f53ad09fddc8",
                "markdup_PUN-R-ELF_illumina.gcbias-detail.txt:md5,4906c43554f8eae9c1df8182551b096d",
                "markdup_PUN-R-ELF_illumina.gcbias-summary.txt:md5,6a1f42a4f53f53d7763e3ee94823e89d",
                "markdup_PUN-R-ELF_illumina.isize-histogram.txt:md5,190601b02a8ad55daea767c3567ff1df",
                "markdup_PUN-R-ELF_illumina.isize-metrics.txt:md5,056afd79b83fb2085d9e87844fb859c7",
                "markdup_PUN-R-ELF_illumina.mean-quality-by-cycle.txt:md5,187809292d8b1d0135dcb13fd86b9057",
                "markdup_PUN-R-ELF_illumina.quality-score-distribution.txt:md5,5aef991843c213d9a4b505998e2c5faf",
                "markdup_PUN-R-ELF_illumina.wgs-coverage.txt:md5,aaf216edea29e2e5cc40ce52cb8cdf5d",
                "markdup_PUN-R-ELF_illumina.wgs-metrics.txt:md5,e79a20dbae7f1ce1dfee048ea0b3dea3",
                "markdup_PUN-R-JMC_illumina.alignment-metrics.txt:md5,83a22cf7def098b212d467e2dcd059b6",
                "markdup_PUN-R-JMC_illumina.base-distribution-by-cycle.txt:md5,9fdfe3c37aee18dbff8839416f71c4ba",
                "markdup_PUN-R-JMC_illumina.gcbias-detail.txt:md5,32933732a14deaab70fcadc20cdabb0b",
                "markdup_PUN-R-JMC_illumina.gcbias-summary.txt:md5,1cd4599b83a07a5c5478805afcb036c3",
                "markdup_PUN-R-JMC_illumina.isize-histogram.txt:md5,cc81996794dacbab1292684f607098a3",
                "markdup_PUN-R-JMC_illumina.isize-metrics.txt:md5,610d650c2751ba76c7f108f787ce566c",
                "markdup_PUN-R-JMC_illumina.mean-quality-by-cycle.txt:md5,c966011969f5ca3e0db66cc6815308fe",
                "markdup_PUN-R-JMC_illumina.quality-score-distribution.txt:md5,559ff88352c730346e62beeb731a5061",
                "markdup_PUN-R-JMC_illumina.wgs-coverage.txt:md5,c4354829a8eee2d3cdcef6b1fe6df764",
                "markdup_PUN-R-JMC_illumina.wgs-metrics.txt:md5,bd1345548162e3179c77bff28dfd9036",
                "markdup_PUN-R-MT_illumina.alignment-metrics.txt:md5,4ece48514e4c45a7a93c1e988c61d88c",
                "markdup_PUN-R-MT_illumina.base-distribution-by-cycle.txt:md5,08e8860278872acdc173344720ec481c",
                "markdup_PUN-R-MT_illumina.gcbias-detail.txt:md5,145910dcc38ef89a0cde43a14059feee",
                "markdup_PUN-R-MT_illumina.gcbias-summary.txt:md5,90c8af019a76045cb4b01508107249f2",
                "markdup_PUN-R-MT_illumina.isize-histogram.txt:md5,6a71fff8af0ae184c6d82f23da4dc92a",
                "markdup_PUN-R-MT_illumina.isize-metrics.txt:md5,c048009ac4611e9abfcb174f8e2abcd5",
                "markdup_PUN-R-MT_illumina.mean-quality-by-cycle.txt:md5,8757f717e52f1b24cdf9ee6e93528353",
                "markdup_PUN-R-MT_illumina.quality-score-distribution.txt:md5,7692a780e947b00a43157f84d723692f",
                "markdup_PUN-R-MT_illumina.wgs-coverage.txt:md5,edab1d87921bf321a67d7e789286708f",
                "markdup_PUN-R-MT_illumina.wgs-metrics.txt:md5,b376f0d8c7d65f2db04a35f43ac47861",
                "markdup_PUN-Y-BCRD_illumina.alignment-metrics.txt:md5,39afac71c50702d0fc807043bd43dd47",
                "markdup_PUN-Y-BCRD_illumina.base-distribution-by-cycle.txt:md5,d0956aba7437f1362ab5571ecb121684",
                "markdup_PUN-Y-BCRD_illumina.gcbias-detail.txt:md5,8252a012c0a3297bf55741a5d70fb935",
                "markdup_PUN-Y-BCRD_illumina.gcbias-summary.txt:md5,5987c7c61b30044a397eb0d31dc5cb1f",
                "markdup_PUN-Y-BCRD_illumina.isize-histogram.txt:md5,df9f34f443fff9ec864cbf9bb8a8d25d",
                "markdup_PUN-Y-BCRD_illumina.isize-metrics.txt:md5,c3c1c7c821b665ec485d388338398706",
                "markdup_PUN-Y-BCRD_illumina.mean-quality-by-cycle.txt:md5,b4e3fa48c5d73a356c76857e2b945391",
                "markdup_PUN-Y-BCRD_illumina.quality-score-distribution.txt:md5,47ac5cab7031966b83c91f132b613743",
                "markdup_PUN-Y-BCRD_illumina.wgs-coverage.txt:md5,8f6444e5aaf7f30aac288bc924552114",
                "markdup_PUN-Y-BCRD_illumina.wgs-metrics.txt:md5,94e522f6036e639478ee4bc35119b0ce",
                "markdup_PUN-Y-INJ_illumina.alignment-metrics.txt:md5,cdfa62185dc689199cbf7b696a56f55b",
                "markdup_PUN-Y-INJ_illumina.base-distribution-by-cycle.txt:md5,475cfa55d014076efbb673bbeb44ff3f",
                "markdup_PUN-Y-INJ_illumina.gcbias-detail.txt:md5,c58fcb9857018065a134c6434a961d5f",
                "markdup_PUN-Y-INJ_illumina.gcbias-summary.txt:md5,ac8870138bc870c8db587d0accced623",
                "markdup_PUN-Y-INJ_illumina.isize-histogram.txt:md5,a49e52e4763f05cd550a2f00d0076226",
                "markdup_PUN-Y-INJ_illumina.isize-metrics.txt:md5,789f92f205e3c6db28678bf8188aea22",
                "markdup_PUN-Y-INJ_illumina.mean-quality-by-cycle.txt:md5,a981f3ca66878763850cf869cea29bc3",
                "markdup_PUN-Y-INJ_illumina.quality-score-distribution.txt:md5,e3d216698ff4fb651f1c2be09dbe498b",
                "markdup_PUN-Y-INJ_illumina.wgs-coverage.txt:md5,6564aa2d0f6c455eb5ca685c2d1f674d",
                "markdup_PUN-Y-INJ_illumina.wgs-metrics.txt:md5,50acab5cf4905ca3c7a8d89f999b5dcf",
                "markdup_PUN-Y-LO_illumina.alignment-metrics.txt:md5,d89b92e0d8b4c2337734de7f4cf4833f",
                "markdup_PUN-Y-LO_illumina.base-distribution-by-cycle.txt:md5,5bad5a72ee0c50b7aeafe7d5a6fc3f90",
                "markdup_PUN-Y-LO_illumina.gcbias-detail.txt:md5,ae53488e816e7cd6144cf1bcd1a573e0",
                "markdup_PUN-Y-LO_illumina.gcbias-summary.txt:md5,a58ab97a9e1afca532a1f050b3e93f20",
                "markdup_PUN-Y-LO_illumina.isize-histogram.txt:md5,d7a3d53b1ea552c914c380222a2d7beb",
                "markdup_PUN-Y-LO_illumina.isize-metrics.txt:md5,0b3393fcaa6a45d1ecbae231231248cc",
                "markdup_PUN-Y-LO_illumina.mean-quality-by-cycle.txt:md5,c1df612035382407642a91e8acf2baf4",
                "markdup_PUN-Y-LO_illumina.quality-score-distribution.txt:md5,16c9c2223697f25a705e7d87b054a224",
                "markdup_PUN-Y-LO_illumina.wgs-coverage.txt:md5,8c9b5716f80a7515d3a072b27384eb28",
                "markdup_PUN-Y-LO_illumina.wgs-metrics.txt:md5,1eb202a78076e7c8369c1871b05a158a",
                "markdup_PUN-R-ELF_illumina.flagstat:md5,e76a0ddaf8d75608f020d195d47d6ac8",
                "markdup_PUN-R-JMC_illumina.flagstat:md5,352308d35bc8e9f61accb18a4225cabb",
                "markdup_PUN-R-MT_illumina.flagstat:md5,01b34ca4d2ab8b2c690ad494d4a93b93",
                "markdup_PUN-Y-BCRD_illumina.flagstat:md5,a339618ae673766406c90da1f4354fe0",
                "markdup_PUN-Y-INJ_illumina.flagstat:md5,6ab8e2c9f3ebb3355a6dfe3f49909cfe",
                "markdup_PUN-Y-LO_illumina.flagstat:md5,b718710375380edd62825dcb02c5776a",
                "fastp-insert-size-plot.txt:md5,69c4ffe4aca65b8239318885080f09a3",
                "fastp-seq-content-gc-plot_Read_1_After_filtering.txt:md5,ea4d50a9c578f835b5a868c6825cefd7",
                "fastp-seq-content-gc-plot_Read_1_Before_filtering.txt:md5,07cca42c9122287ddafa92df261243e0",
                "fastp-seq-content-gc-plot_Read_2_After_filtering.txt:md5,021e8f685bbeb614a935fbfa90fa3e2b",
                "fastp-seq-content-gc-plot_Read_2_Before_filtering.txt:md5,13dfec10a703ee4a01610507045ee738",
                "fastp-seq-content-n-plot_Read_1_After_filtering.txt:md5,1fcf715f7746c93324b02a2ee97c9947",
                "fastp-seq-content-n-plot_Read_1_Before_filtering.txt:md5,dd03a3c49f929009bb79d67fe5fab3f0",
                "fastp-seq-content-n-plot_Read_2_After_filtering.txt:md5,44a5f698cbbcb9b87994429e89fdb7b0",
                "fastp-seq-content-n-plot_Read_2_Before_filtering.txt:md5,47a62c35723f305acbfc4cff7225776f",
                "fastp-seq-quality-plot_Read_1_After_filtering.txt:md5,58e3e5bc3d6a4dfd055596fd2726fedc",
                "fastp-seq-quality-plot_Read_1_Before_filtering.txt:md5,dbc5a5ebe1f3a4107df18402f0a9d849",
                "fastp-seq-quality-plot_Read_2_After_filtering.txt:md5,876ff1f8e398edaa5577aaca0184be63",
                "fastp-seq-quality-plot_Read_2_Before_filtering.txt:md5,2111b3ac86c88e58dde59d58c3093ddc",
                "fastp_filtered_reads_plot.txt:md5,7fb0abcbeb3914a87dce7e2ff98262da",
                "fastqc_raw-status-check-heatmap.txt:md5,f70e22750625f4c1cbcae9cc58842df2",
                "fastqc_raw_adapter_content_plot.txt:md5,f68e5445c6b3ad10a72fe19f45b8945a",
                "fastqc_raw_overrepresented_sequences_plot.txt:md5,3c5d8039c507a05ce9867e926cf47352",
                "fastqc_raw_per_base_n_content_plot.txt:md5,390f23bbdf7ed46ef5291ea571ecba44",
                "fastqc_raw_per_base_sequence_quality_plot.txt:md5,cfa23a67170d7f1e7381979e1a891f18",
                "fastqc_raw_per_sequence_gc_content_plot_Counts.txt:md5,24c952ab690a7a254caaf16cd0afa506",
                "fastqc_raw_per_sequence_gc_content_plot_Percentages.txt:md5,54e1370992ec417ce5ca5b0b36fd307c",
                "fastqc_raw_per_sequence_quality_scores_plot.txt:md5,0938d30af5085a691e8811adf1ba8146",
                "fastqc_raw_sequence_counts_plot.txt:md5,a06089c5cd0be25473d6edc3bff91798",
                "fastqc_raw_sequence_duplication_levels_plot.txt:md5,fc0f36cccb8c322386fa859455368437",
                "fastqc_raw_top_overrepresented_sequences_table.txt:md5,8149991ee94db1f199d306079d3dbc4b",
                "multiqc_citations.txt:md5,57db2426be011862828d18f767d25b57",
                "multiqc_fastp_fastp.txt:md5,903a00c381aaf2870b4d6ad29a5d0b2d",
                "multiqc_fastqc_fastqc_raw.txt:md5,5be15b7fdb3fe25db92cc2c6f82f11c5",
                "multiqc_general_stats.txt:md5,29400075b2e1c9a07602e8bb841d92b2",
                "multiqc_riker_library_alignment_riker_library.txt:md5,7589e7ab0eca7731fd62866174153519",
                "multiqc_riker_library_basic_base_distribution_riker_library.txt:md5,8c72b864c0579918e106c2533c90f656",
                "multiqc_riker_library_basic_mean_quality_by_cycle_riker_library.txt:md5,b3aa8af37262df1a84a0f81721970734",
                "multiqc_riker_library_basic_quality_score_distribution_riker_library.txt:md5,7a050546268630f581a32609eb669405",
                "multiqc_riker_library_gcbias_detail_riker_library.txt:md5,bd8b2465c91317d251cc0897414fd2d7",
                "multiqc_riker_library_gcbias_summary_riker_library.txt:md5,a2f05b919b859751dd44f9d182b35058",
                "multiqc_riker_library_isize_riker_library.txt:md5,d312cbfb07a87b7cc815d78bab7a588d",
                "multiqc_riker_library_wgs_riker_library.txt:md5,5923409baca16f4eb1dd8eb0e59e877e",
                "multiqc_riker_markdup_alignment_riker_markdup.txt:md5,3e6d4f7c5ad0126f692ee83e048364e1",
                "multiqc_riker_markdup_basic_base_distribution_riker_markdup.txt:md5,1c2dee70469c9c377e762ac364551b28",
                "multiqc_riker_markdup_basic_mean_quality_by_cycle_riker_markdup.txt:md5,4c297e1d245573ef0a5e460d55ed0154",
                "multiqc_riker_markdup_basic_quality_score_distribution_riker_markdup.txt:md5,2f02462c9019956362f45c7122cbb66f",
                "multiqc_riker_markdup_gcbias_detail_riker_markdup.txt:md5,47e473d469bbd4ccca839fbac3a19a34",
                "multiqc_riker_markdup_gcbias_summary_riker_markdup.txt:md5,296f8ee0dff46b1ad82f06cf779be273",
                "multiqc_riker_markdup_isize_riker_markdup.txt:md5,59adda417f25d4cc48d5e860496174c0",
                "multiqc_riker_markdup_wgs_riker_markdup.txt:md5,10930e59285c8c3cb7f8d26eb8cab643",
                "multiqc_riker_sample_alignment_riker_sample.txt:md5,26889d690322c37a9931f5d060ef8e78",
                "multiqc_riker_sample_basic_base_distribution_riker_sample.txt:md5,8c72b864c0579918e106c2533c90f656",
                "multiqc_riker_sample_basic_mean_quality_by_cycle_riker_sample.txt:md5,b3aa8af37262df1a84a0f81721970734",
                "multiqc_riker_sample_basic_quality_score_distribution_riker_sample.txt:md5,10eaf554cfbd4bdb63eadda2dea329f0",
                "multiqc_riker_sample_gcbias_detail_riker_sample.txt:md5,bd8b2465c91317d251cc0897414fd2d7",
                "multiqc_riker_sample_gcbias_summary_riker_sample.txt:md5,0b0f73d2f890fd286e8bdbb8435cea15",
                "multiqc_riker_sample_isize_riker_sample.txt:md5,2b80554942be2906a26606a80b9ed988",
                "multiqc_riker_sample_wgs_riker_sample.txt:md5,0e311d70d691794e0c5f6481de688ef4",
                "multiqc_samtools_flagstat_samtools_flagstat_library.txt:md5,1a368354a6907c34badb0b85dfc305f5",
                "multiqc_samtools_flagstat_samtools_flagstat_markdup.txt:md5,c358948ea81e5c94d404a71ab51b8a51",
                "multiqc_samtools_flagstat_samtools_flagstat_sample.txt:md5,3a3893b6b7716be7ec5622caf2f3b4cf",
                "multiqc_samtools_markdup_samtools_markdup.txt:md5,5d7f8c17f76e8f1025f8719cefe550dc",
                "riker_library_alignment_summary.txt:md5,a0bca94bf8b22991304c2a0c75d25bcf",
                "riker_library_alignment_table.txt:md5,4d4fef196b04d96af9d46e6f4a056e20",
                "riker_library_base_distribution_by_cycle__A.txt:md5,84bfb37886cbc7ae06512105d6c0e111",
                "riker_library_base_distribution_by_cycle__C.txt:md5,b3a016a1b82a036a8d05e8a58f3435a5",
                "riker_library_base_distribution_by_cycle__G.txt:md5,0d4113b46ac88d57a3f39306231a1840",
                "riker_library_base_distribution_by_cycle__N.txt:md5,268a8c385b58e09d89f0974807c5c4ed",
                "riker_library_base_distribution_by_cycle__T.txt:md5,763492ad6c156e413908ca3a5a339d2e",
                "riker_library_gcbias_normalized_coverage.txt:md5,842408da67913027441a0303bd03db84",
                "riker_library_insert_size_FR.txt:md5,ac68ba821d52e0c5f5b677f5f642fde4",
                "riker_library_insert_size_RF.txt:md5,b90ca69918d26a6c33d7a346099bfb20",
                "riker_library_insert_size_Tandem.txt:md5,a57f6451d3c79b5bbae6547bac87ccd6",
                "riker_library_mean_quality_by_cycle.txt:md5,631a8a00042c6e23abafb3f66af32acf",
                "riker_library_quality_score_distribution.txt:md5,038fc98dd73781d05de2d09f2b7bac5b",
                "riker_library_wgs_coverage_histogram.txt:md5,e0a5bab0f0fef3192e9082760eb65a58",
                "riker_library_wgs_excluded_bases.txt:md5,f7d1bdcf10c8135330f1d8444291f7e9",
                "riker_library_wgs_table.txt:md5,3737618d53441edd796b0ca875e89acd",
                "riker_markdup_alignment_summary.txt:md5,3fe21420846e6a1dfd6772eb782738d0",
                "riker_markdup_alignment_table.txt:md5,b55743439acba41daddc377f9989fa22",
                "riker_markdup_base_distribution_by_cycle__A.txt:md5,2b26cd0568880e27f397ab9c139b35e0",
                "riker_markdup_base_distribution_by_cycle__C.txt:md5,75c0545dad513b52c06dd7e8a4c592d5",
                "riker_markdup_base_distribution_by_cycle__G.txt:md5,3d1372f2fe365e6662840baf0fea06cb",
                "riker_markdup_base_distribution_by_cycle__N.txt:md5,d5b70e5dd662029e7d49bf25f8c80071",
                "riker_markdup_base_distribution_by_cycle__T.txt:md5,478bddbe166938513cd97f1d2cd0fc72",
                "riker_markdup_gcbias_normalized_coverage.txt:md5,cb4fbcc3b5b8dcd66de3f91ddb908473",
                "riker_markdup_insert_size_FR.txt:md5,9518e46bb5704967bb6e737cb175d599",
                "riker_markdup_insert_size_RF.txt:md5,e803b58ff0b2d330319aa41a8b66a201",
                "riker_markdup_insert_size_Tandem.txt:md5,642faab3fad9a1cf5757b308d3041ed7",
                "riker_markdup_mean_quality_by_cycle.txt:md5,b6e3eabccdb999a74ee9213f3b3c670c",
                "riker_markdup_quality_score_distribution.txt:md5,207794260a4ab688340afa30ecf1d6bc",
                "riker_markdup_wgs_coverage_histogram.txt:md5,53917ba09ac89dd07a3122ac5510b9d6",
                "riker_markdup_wgs_excluded_bases.txt:md5,e2b381b9562d8ab6901ff58980f9e303",
                "riker_markdup_wgs_table.txt:md5,81a1e9081321faa540cd36ece44b6765",
                "riker_sample_alignment_summary.txt:md5,69dc33600c6f5f7971f41255258edc7e",
                "riker_sample_alignment_table.txt:md5,46e875dabe8c422dbda0a9bb4dbefb88",
                "riker_sample_base_distribution_by_cycle__A.txt:md5,84bfb37886cbc7ae06512105d6c0e111",
                "riker_sample_base_distribution_by_cycle__C.txt:md5,b3a016a1b82a036a8d05e8a58f3435a5",
                "riker_sample_base_distribution_by_cycle__G.txt:md5,0d4113b46ac88d57a3f39306231a1840",
                "riker_sample_base_distribution_by_cycle__N.txt:md5,268a8c385b58e09d89f0974807c5c4ed",
                "riker_sample_base_distribution_by_cycle__T.txt:md5,763492ad6c156e413908ca3a5a339d2e",
                "riker_sample_gcbias_normalized_coverage.txt:md5,842408da67913027441a0303bd03db84",
                "riker_sample_insert_size_FR.txt:md5,85c2a017af43d7a2b042120e4930af05",
                "riker_sample_insert_size_RF.txt:md5,b90ca69918d26a6c33d7a346099bfb20",
                "riker_sample_insert_size_Tandem.txt:md5,33ce8cca7ae28cf16ec6f0bbe2119224",
                "riker_sample_mean_quality_by_cycle.txt:md5,631a8a00042c6e23abafb3f66af32acf",
                "riker_sample_quality_score_distribution.txt:md5,77941c27f65606c751348d37e581f5ad",
                "riker_sample_wgs_coverage_histogram.txt:md5,ed1100b62181383416bc6e42150c1d44",
                "riker_sample_wgs_excluded_bases.txt:md5,ff6541d8f3bdeee101d5d926502ffb81",
                "riker_sample_wgs_table.txt:md5,a907c74837383b92dee1f65f723a369c",
                "samtools-flagstat-pct-table.txt:md5,c5672c0c060724640c7958dc605f06e5",
                "samtools-flagstat-table.txt:md5,72f2862d136226e992148481bc1b95de",
                "samtools-markdup-fraction.txt:md5,7429c769c43fe4394d7daaa991548684",
                "samtools-markdup-table.txt:md5,2d7e9eeaf2b264ddbd35770e53f6e483"
            ],
            [
                "03_read_alignment/PUN-R-ELF.1.SRR9309791.1.bam:b2f199368dba51863077d07614a30718",
                "03_read_alignment/PUN-R-JMC.1.SRR9309467.1.bam:85240aefdc6192001912b5a44f3b3eb6",
                "03_read_alignment/PUN-R-MT.1.SRR9309470.1.bam:609463f7bb0c2539dfde89433fa84c37",
                "03_read_alignment/PUN-Y-BCRD.1.SRR9309788.1.bam:c338e102d3909c6b19ac7d4c8f1b69db",
                "03_read_alignment/PUN-Y-INJ.1.SRR9309790.1.bam:c4907d58033152231a06cc1583774455",
                "03_read_alignment/PUN-Y-LO.1.SRR9309469.1.bam:b7b530f2daa29ff3ba2e59d55356ea8b",
                "03_read_alignment/PUN-Y-LO.2.SRR9309469.1.bam:b7b530f2daa29ff3ba2e59d55356ea8b",
                "04_merged_samples/PUN-R-ELF_illumina.bam:b2f199368dba51863077d07614a30718",
                "04_merged_samples/PUN-R-JMC_illumina.bam:85240aefdc6192001912b5a44f3b3eb6",
                "04_merged_samples/PUN-R-MT_illumina.bam:609463f7bb0c2539dfde89433fa84c37",
                "04_merged_samples/PUN-Y-BCRD_illumina.bam:c338e102d3909c6b19ac7d4c8f1b69db",
                "04_merged_samples/PUN-Y-INJ_illumina.bam:c4907d58033152231a06cc1583774455",
                "04_merged_samples/PUN-Y-LO_illumina.bam:168344b2d9c69e56933e3c9c988011b5",
                "05_duplicate_processed/PUN-R-ELF_illumina_markdup.bam:cbe34ef9d7dfeabead18ecc7ac28866d",
                "05_duplicate_processed/PUN-R-JMC_illumina_markdup.bam:120de4d85cdc31fa184c71f73dd3786a",
                "05_duplicate_processed/PUN-R-MT_illumina_markdup.bam:456968f536841f4c529e2ea8fadd726e",
                "05_duplicate_processed/PUN-Y-BCRD_illumina_markdup.bam:ba8274a5ac2860a12530280dc3d1ad61",
                "05_duplicate_processed/PUN-Y-INJ_illumina_markdup.bam:593dddd1299b06c0b890d1496141a1f0",
                "05_duplicate_processed/PUN-Y-LO_illumina_markdup.bam:239a322bbe001b4cfb41ce317e92ebfe"
            ]
        ],
        "timestamp": "2026-09-15T10:51:41.795352",
        "meta": {
            "nf-test": "0.9.5",
            "nextflow": "26.04.6"
        }
    }
}